Archive member included because of file (symbol)

D:/Freescale/CW MCU v10.7/MCU/ARM_GCC_Support/ewl/lib/armv6-m\libc.a(exit.o)
                              ./Project_Settings/Startup_Code/__arm_start.o (exit)
D:/Freescale/CW MCU v10.7/MCU/ARM_GCC_Support/ewl/lib/armv6-m\libc.a(memset.o)
                              ./Project_Settings/Startup_Code/__arm_start.o (memset)
D:/Freescale/CW MCU v10.7/MCU/ARM_GCC_Support/ewl/lib/armv6-m\libc.a(__filll_mem.o)
                              D:/Freescale/CW MCU v10.7/MCU/ARM_GCC_Support/ewl/lib/armv6-m\libc.a(memset.o) (__fill_mem)
D:/Freescale/CW MCU v10.7/MCU/ARM_GCC_Support/ewl/lib/armv6-m\libc.a(printformat_.o)
                              (__pformatter_)
D:/Freescale/CW MCU v10.7/MCU/ARM_GCC_Support/ewl/lib/armv6-m\libc.a(scanformat_.o)
                              (__sformatter)
D:/Freescale/CW MCU v10.7/MCU/ARM_GCC_Support/ewl/lib/armv6-m\libc.a(ctype_aeabi.o)
                              D:/Freescale/CW MCU v10.7/MCU/ARM_GCC_Support/ewl/lib/armv6-m\libc.a(scanformat_.o) (isspace)
D:/Freescale/CW MCU v10.7/MCU/ARM_GCC_Support/ewl/lib/armv6-m\libc.a(__strtoul.o)
                              D:/Freescale/CW MCU v10.7/MCU/ARM_GCC_Support/ewl/lib/armv6-m\libc.a(scanformat_.o) (__strtoul)
D:/Freescale/CW MCU v10.7/MCU/ARM_GCC_Support/ewl/lib/armv6-m\libc.a(strchr.o)
                              D:/Freescale/CW MCU v10.7/MCU/ARM_GCC_Support/ewl/lib/armv6-m\libc.a(printformat_.o) (strchr)
D:/Freescale/CW MCU v10.7/MCU/ARM_GCC_Support/ewl/lib/armv6-m\libc.a(memcpy.o)
                              D:/Freescale/CW MCU v10.7/MCU/ARM_GCC_Support/ewl/lib/armv6-m\libc.a(scanformat_.o) (memcpy)
D:/Freescale/CW MCU v10.7/MCU/ARM_GCC_Support/ewl/lib/armv6-m\libc.a(strlen.o)
                              D:/Freescale/CW MCU v10.7/MCU/ARM_GCC_Support/ewl/lib/armv6-m\libc.a(printformat_.o) (strlen)
D:/Freescale/CW MCU v10.7/MCU/ARM_GCC_Support/ewl/lib/armv6-m\libc.a(memchr.o)
                              D:/Freescale/CW MCU v10.7/MCU/ARM_GCC_Support/ewl/lib/armv6-m\libc.a(printformat_.o) (memchr)
d:/freescale/cw mcu v10.7/cross_tools/arm-none-eabi-gcc-4_7_3/bin/../lib/gcc/arm-none-eabi/4.7.3/armv6-m\libgcc.a(_thumb1_case_sqi.o)
                              D:/Freescale/CW MCU v10.7/MCU/ARM_GCC_Support/ewl/lib/armv6-m\libc.a(__strtoul.o) (__gnu_thumb1_case_sqi)
d:/freescale/cw mcu v10.7/cross_tools/arm-none-eabi-gcc-4_7_3/bin/../lib/gcc/arm-none-eabi/4.7.3/armv6-m\libgcc.a(_thumb1_case_uqi.o)
                              D:/Freescale/CW MCU v10.7/MCU/ARM_GCC_Support/ewl/lib/armv6-m\libc.a(scanformat_.o) (__gnu_thumb1_case_uqi)
d:/freescale/cw mcu v10.7/cross_tools/arm-none-eabi-gcc-4_7_3/bin/../lib/gcc/arm-none-eabi/4.7.3/armv6-m\libgcc.a(_udivsi3.o)
                              D:/Freescale/CW MCU v10.7/MCU/ARM_GCC_Support/ewl/lib/armv6-m\libc.a(printformat_.o) (__aeabi_uidiv)
d:/freescale/cw mcu v10.7/cross_tools/arm-none-eabi-gcc-4_7_3/bin/../lib/gcc/arm-none-eabi/4.7.3/armv6-m\libgcc.a(_dvmd_tls.o)
                              d:/freescale/cw mcu v10.7/cross_tools/arm-none-eabi-gcc-4_7_3/bin/../lib/gcc/arm-none-eabi/4.7.3/armv6-m\libgcc.a(_udivsi3.o) (__aeabi_idiv0)
D:/Freescale/CW MCU v10.7/MCU/ARM_GCC_Support/ewl/lib/armv6-m\librt.a(gcc_ctor_dtor.o)
                              ./Project_Settings/Startup_Code/__arm_start.o (__init_cpp)
D:/Freescale/CW MCU v10.7/MCU/ARM_GCC_Support/ewl/lib/armv6-m\librt.a(__arm_eabi_init.o)
                              D:/Freescale/CW MCU v10.7/MCU/ARM_GCC_Support/ewl/lib/armv6-m\libc.a(exit.o) (__destroy_global_chain)
D:/Freescale/CW MCU v10.7/MCU/ARM_GCC_Support/ewl/lib/armv6-m\librt.a(ROMCopy.o)
                              ./Project_Settings/Startup_Code/__arm_start.o (__copy_rom_sections_to_ram)

Allocating common symbols
Common symbol       size              file

SR_reg              0x1               ./Generated_Code/Cpu.o

Discarded input sections

 .text          0x00000000        0x0 ./Generated_Code/WAIT1.o
 .data          0x00000000        0x0 ./Generated_Code/WAIT1.o
 .bss           0x00000000        0x0 ./Generated_Code/WAIT1.o
 .text.WAIT1_Wait10Cycles
                0x00000000        0x8 ./Generated_Code/WAIT1.o
 .text.WAIT1_Wait100Cycles
                0x00000000       0x24 ./Generated_Code/WAIT1.o
 .text.WAIT1_WaitCycles
                0x00000000       0x44 ./Generated_Code/WAIT1.o
 .text.WAIT1_WaitLongCycles
                0x00000000       0x3c ./Generated_Code/WAIT1.o
 .text.WAIT1_Waitms
                0x00000000       0x38 ./Generated_Code/WAIT1.o
 .text.WAIT1_DeInit
                0x00000000        0x8 ./Generated_Code/WAIT1.o
 .text          0x00000000        0x0 ./Generated_Code/Vectors.o
 .data          0x00000000        0x0 ./Generated_Code/Vectors.o
 .bss           0x00000000        0x0 ./Generated_Code/Vectors.o
 .text          0x00000000        0x0 ./Generated_Code/RxBuf.o
 .data          0x00000000        0x0 ./Generated_Code/RxBuf.o
 .bss           0x00000000        0x0 ./Generated_Code/RxBuf.o
 .bss.RxBuf_buffer
                0x00000000       0x40 ./Generated_Code/RxBuf.o
 .text.RxBuf_Put
                0x00000000       0x88 ./Generated_Code/RxBuf.o
 .text.RxBuf_Putn
                0x00000000       0x60 ./Generated_Code/RxBuf.o
 .text.RxBuf_Get
                0x00000000       0x84 ./Generated_Code/RxBuf.o
 .text.RxBuf_Getn
                0x00000000       0x5c ./Generated_Code/RxBuf.o
 .text.RxBuf_NofElements
                0x00000000       0x14 ./Generated_Code/RxBuf.o
 .text.RxBuf_NofFreeElements
                0x00000000       0x18 ./Generated_Code/RxBuf.o
 .text.RxBuf_Clear
                0x00000000       0x24 ./Generated_Code/RxBuf.o
 .text.RxBuf_Peek
                0x00000000       0x8c ./Generated_Code/RxBuf.o
 .text.RxBuf_Compare
                0x00000000       0x90 ./Generated_Code/RxBuf.o
 .text.RxBuf_Delete
                0x00000000       0x68 ./Generated_Code/RxBuf.o
 .text.RxBuf_Update
                0x00000000       0x8c ./Generated_Code/RxBuf.o
 .text          0x00000000        0x0 ./Generated_Code/PE_LDD.o
 .data          0x00000000        0x0 ./Generated_Code/PE_LDD.o
 .bss           0x00000000        0x0 ./Generated_Code/PE_LDD.o
 .rodata.PE_CpuClockConfigurations
                0x00000000       0x28 ./Generated_Code/PE_LDD.o
 .text.PE_FillMemory
                0x00000000       0x28 ./Generated_Code/PE_LDD.o
 .text.PE_PeripheralUsed
                0x00000000       0x5c ./Generated_Code/PE_LDD.o
 .text.LDD_SetClockConfiguration
                0x00000000       0x14 ./Generated_Code/PE_LDD.o
 .text          0x00000000        0x0 ./Generated_Code/MCUC1.o
 .data          0x00000000        0x0 ./Generated_Code/MCUC1.o
 .bss           0x00000000        0x0 ./Generated_Code/MCUC1.o
 .debug_info    0x00000000       0x76 ./Generated_Code/MCUC1.o
 .debug_abbrev  0x00000000       0x28 ./Generated_Code/MCUC1.o
 .debug_aranges
                0x00000000       0x18 ./Generated_Code/MCUC1.o
 .debug_macinfo
                0x00000000    0x2e134 ./Generated_Code/MCUC1.o
 .debug_line    0x00000000      0x219 ./Generated_Code/MCUC1.o
 .debug_str     0x00000000      0x12c ./Generated_Code/MCUC1.o
 .comment       0x00000000       0x7a ./Generated_Code/MCUC1.o
 .ARM.attributes
                0x00000000       0x31 ./Generated_Code/MCUC1.o
 .text          0x00000000        0x0 ./Generated_Code/LEDpin3.o
 .data          0x00000000        0x0 ./Generated_Code/LEDpin3.o
 .bss           0x00000000        0x0 ./Generated_Code/LEDpin3.o
 .debug_info    0x00000000       0x76 ./Generated_Code/LEDpin3.o
 .debug_abbrev  0x00000000       0x28 ./Generated_Code/LEDpin3.o
 .debug_aranges
                0x00000000       0x18 ./Generated_Code/LEDpin3.o
 .debug_macinfo
                0x00000000    0x2edbc ./Generated_Code/LEDpin3.o
 .debug_line    0x00000000      0x277 ./Generated_Code/LEDpin3.o
 .debug_str     0x00000000      0x12e ./Generated_Code/LEDpin3.o
 .comment       0x00000000       0x7a ./Generated_Code/LEDpin3.o
 .ARM.attributes
                0x00000000       0x31 ./Generated_Code/LEDpin3.o
 .text          0x00000000        0x0 ./Generated_Code/LEDpin2.o
 .data          0x00000000        0x0 ./Generated_Code/LEDpin2.o
 .bss           0x00000000        0x0 ./Generated_Code/LEDpin2.o
 .debug_info    0x00000000       0x76 ./Generated_Code/LEDpin2.o
 .debug_abbrev  0x00000000       0x28 ./Generated_Code/LEDpin2.o
 .debug_aranges
                0x00000000       0x18 ./Generated_Code/LEDpin2.o
 .debug_macinfo
                0x00000000    0x2edc2 ./Generated_Code/LEDpin2.o
 .debug_line    0x00000000      0x277 ./Generated_Code/LEDpin2.o
 .debug_str     0x00000000      0x12e ./Generated_Code/LEDpin2.o
 .comment       0x00000000       0x7a ./Generated_Code/LEDpin2.o
 .ARM.attributes
                0x00000000       0x31 ./Generated_Code/LEDpin2.o
 .text          0x00000000        0x0 ./Generated_Code/LEDpin1.o
 .data          0x00000000        0x0 ./Generated_Code/LEDpin1.o
 .bss           0x00000000        0x0 ./Generated_Code/LEDpin1.o
 .debug_info    0x00000000       0x76 ./Generated_Code/LEDpin1.o
 .debug_abbrev  0x00000000       0x28 ./Generated_Code/LEDpin1.o
 .debug_aranges
                0x00000000       0x18 ./Generated_Code/LEDpin1.o
 .debug_macinfo
                0x00000000    0x2edc2 ./Generated_Code/LEDpin1.o
 .debug_line    0x00000000      0x277 ./Generated_Code/LEDpin1.o
 .debug_str     0x00000000      0x12e ./Generated_Code/LEDpin1.o
 .comment       0x00000000       0x7a ./Generated_Code/LEDpin1.o
 .ARM.attributes
                0x00000000       0x31 ./Generated_Code/LEDpin1.o
 .text          0x00000000        0x0 ./Generated_Code/LEDR.o
 .data          0x00000000        0x0 ./Generated_Code/LEDR.o
 .bss           0x00000000        0x0 ./Generated_Code/LEDR.o
 .text.LEDR_Deinit
                0x00000000        0x8 ./Generated_Code/LEDR.o
 .text.LEDR_SetRatio16
                0x00000000       0x3c ./Generated_Code/LEDR.o
 .text          0x00000000        0x0 ./Generated_Code/LEDG.o
 .data          0x00000000        0x0 ./Generated_Code/LEDG.o
 .bss           0x00000000        0x0 ./Generated_Code/LEDG.o
 .text.LEDG_Deinit
                0x00000000        0x8 ./Generated_Code/LEDG.o
 .text.LEDG_SetRatio16
                0x00000000       0x3c ./Generated_Code/LEDG.o
 .text          0x00000000        0x0 ./Generated_Code/LEDB.o
 .data          0x00000000        0x0 ./Generated_Code/LEDB.o
 .bss           0x00000000        0x0 ./Generated_Code/LEDB.o
 .text.LEDB_Deinit
                0x00000000        0x8 ./Generated_Code/LEDB.o
 .text.LEDB_SetRatio16
                0x00000000       0x3c ./Generated_Code/LEDB.o
 .text          0x00000000        0x0 ./Generated_Code/I2C2.o
 .data          0x00000000        0x0 ./Generated_Code/I2C2.o
 .bss           0x00000000        0x0 ./Generated_Code/I2C2.o
 .text          0x00000000        0x0 ./Generated_Code/Cpu.o
 .data          0x00000000        0x0 ./Generated_Code/Cpu.o
 .bss           0x00000000        0x0 ./Generated_Code/Cpu.o
 .text          0x00000000        0x0 ./Generated_Code/CS1.o
 .data          0x00000000        0x0 ./Generated_Code/CS1.o
 .bss           0x00000000        0x0 ./Generated_Code/CS1.o
 .debug_info    0x00000000       0x76 ./Generated_Code/CS1.o
 .debug_abbrev  0x00000000       0x28 ./Generated_Code/CS1.o
 .debug_aranges
                0x00000000       0x18 ./Generated_Code/CS1.o
 .debug_macinfo
                0x00000000    0x2e3c3 ./Generated_Code/CS1.o
 .debug_line    0x00000000      0x22f ./Generated_Code/CS1.o
 .debug_str     0x00000000      0x12a ./Generated_Code/CS1.o
 .comment       0x00000000       0x7a ./Generated_Code/CS1.o
 .ARM.attributes
                0x00000000       0x31 ./Generated_Code/CS1.o
 .text          0x00000000        0x0 ./Generated_Code/BitIoLdd3.o
 .data          0x00000000        0x0 ./Generated_Code/BitIoLdd3.o
 .bss           0x00000000        0x0 ./Generated_Code/BitIoLdd3.o
 .text.BitIoLdd3_GetVal
                0x00000000       0x28 ./Generated_Code/BitIoLdd3.o
 .text.BitIoLdd3_NegVal
                0x00000000       0x18 ./Generated_Code/BitIoLdd3.o
 .text          0x00000000        0x0 ./Generated_Code/BitIoLdd2.o
 .data          0x00000000        0x0 ./Generated_Code/BitIoLdd2.o
 .bss           0x00000000        0x0 ./Generated_Code/BitIoLdd2.o
 .text.BitIoLdd2_GetVal
                0x00000000       0x28 ./Generated_Code/BitIoLdd2.o
 .text.BitIoLdd2_NegVal
                0x00000000       0x1c ./Generated_Code/BitIoLdd2.o
 .text          0x00000000        0x0 ./Generated_Code/BitIoLdd1.o
 .data          0x00000000        0x0 ./Generated_Code/BitIoLdd1.o
 .bss           0x00000000        0x0 ./Generated_Code/BitIoLdd1.o
 .text.BitIoLdd1_GetVal
                0x00000000       0x28 ./Generated_Code/BitIoLdd1.o
 .text.BitIoLdd1_NegVal
                0x00000000       0x1c ./Generated_Code/BitIoLdd1.o
 .text          0x00000000        0x0 ./Generated_Code/AS1.o
 .data          0x00000000        0x0 ./Generated_Code/AS1.o
 .bss           0x00000000        0x0 ./Generated_Code/AS1.o
 .bss.DeviceDataPrv__DEFAULT_RTOS_ALLOC
                0x00000000       0x18 ./Generated_Code/AS1.o
 .text.AS1_Init
                0x00000000      0x1b0 ./Generated_Code/AS1.o
 .text.AS1_SendBlock
                0x00000000       0xc4 ./Generated_Code/AS1.o
 .text          0x00000000        0x0 ./Project_Settings/Startup_Code/__arm_start.o
 .data          0x00000000        0x0 ./Project_Settings/Startup_Code/__arm_start.o
 .bss           0x00000000        0x0 ./Project_Settings/Startup_Code/__arm_start.o
 .text.__iar_program_start
                0x00000000        0x4 ./Project_Settings/Startup_Code/__arm_start.o
 .text          0x00000000        0x0 ./Project_Settings/Startup_Code/__arm_end.o
 .data          0x00000000        0x0 ./Project_Settings/Startup_Code/__arm_end.o
 .bss           0x00000000        0x0 ./Project_Settings/Startup_Code/__arm_end.o
 .text          0x00000000        0x0 ./Sources/sa_mtb.o
 .data          0x00000000        0x0 ./Sources/sa_mtb.o
 .bss           0x00000000        0x0 ./Sources/sa_mtb.o
 .debug_info    0x00000000       0x21 ./Sources/sa_mtb.o
 .debug_abbrev  0x00000000       0x12 ./Sources/sa_mtb.o
 .debug_aranges
                0x00000000       0x18 ./Sources/sa_mtb.o
 .debug_macinfo
                0x00000000     0x24d8 ./Sources/sa_mtb.o
 .debug_line    0x00000000       0xaa ./Sources/sa_mtb.o
 .debug_str     0x00000000       0x9b ./Sources/sa_mtb.o
 .comment       0x00000000       0x7a ./Sources/sa_mtb.o
 .ARM.attributes
                0x00000000       0x31 ./Sources/sa_mtb.o
 .text          0x00000000        0x0 ./Sources/main.o
 .data          0x00000000        0x0 ./Sources/main.o
 .bss           0x00000000        0x0 ./Sources/main.o
 .text          0x00000000        0x0 ./Sources/MMA8451.o
 .data          0x00000000        0x0 ./Sources/MMA8451.o
 .bss           0x00000000        0x0 ./Sources/MMA8451.o
 .text          0x00000000        0x0 ./Sources/LEDLoop.o
 .data          0x00000000        0x0 ./Sources/LEDLoop.o
 .bss           0x00000000        0x0 ./Sources/LEDLoop.o
 .text.LED_Flash_Loop
                0x00000000       0x40 ./Sources/LEDLoop.o
 .debug_info    0x00000000       0xb0 ./Sources/LEDLoop.o
 .debug_abbrev  0x00000000       0x70 ./Sources/LEDLoop.o
 .debug_loc     0x00000000       0x2c ./Sources/LEDLoop.o
 .debug_aranges
                0x00000000       0x20 ./Sources/LEDLoop.o
 .debug_macinfo
                0x00000000    0x30059 ./Sources/LEDLoop.o
 .debug_line    0x00000000      0x38f ./Sources/LEDLoop.o
 .debug_str     0x00000000      0x15c ./Sources/LEDLoop.o
 .comment       0x00000000       0x7a ./Sources/LEDLoop.o
 .ARM.attributes
                0x00000000       0x31 ./Sources/LEDLoop.o
 .debug_frame   0x00000000       0x2c ./Sources/LEDLoop.o
 .text          0x00000000        0x0 ./Sources/Events.o
 .data          0x00000000        0x0 ./Sources/Events.o
 .bss           0x00000000        0x0 ./Sources/Events.o
 .text          0x00000000        0x0 ./Sources/Application.o
 .data          0x00000000        0x0 ./Sources/Application.o
 .bss           0x00000000        0x0 ./Sources/Application.o
 .bss.deviceData
                0x00000000        0xc ./Sources/Application.o
 .text.SendChar
                0x00000000       0x40 ./Sources/Application.o
 .text.SendString
                0x00000000       0x30 ./Sources/Application.o
 .text.Init     0x00000000       0x50 ./Sources/Application.o
 .rodata        0x00000000       0x1c ./Sources/Application.o
 .text.APP_Run  0x00000000       0x94 ./Sources/Application.o
 .debug_info    0x00000000      0x1e4 ./Sources/Application.o
 .debug_abbrev  0x00000000      0x128 ./Sources/Application.o
 .debug_loc     0x00000000       0xd4 ./Sources/Application.o
 .debug_aranges
                0x00000000       0x38 ./Sources/Application.o
 .debug_macinfo
                0x00000000    0x305f5 ./Sources/Application.o
 .debug_line    0x00000000      0x443 ./Sources/Application.o
 .debug_str     0x00000000      0x1bc ./Sources/Application.o
 .comment       0x00000000       0x7a ./Sources/Application.o
 .ARM.attributes
                0x00000000       0x31 ./Sources/Application.o
 .debug_frame   0x00000000       0x8c ./Sources/Application.o
 .text          0x00000000        0x0 D:/Freescale/CW MCU v10.7/MCU/ARM_GCC_Support/ewl/lib/armv6-m\libc.a(exit.o)
 .data          0x00000000        0x0 D:/Freescale/CW MCU v10.7/MCU/ARM_GCC_Support/ewl/lib/armv6-m\libc.a(exit.o)
 .bss           0x00000000        0x0 D:/Freescale/CW MCU v10.7/MCU/ARM_GCC_Support/ewl/lib/armv6-m\libc.a(exit.o)
 .text          0x00000000        0x0 D:/Freescale/CW MCU v10.7/MCU/ARM_GCC_Support/ewl/lib/armv6-m\libc.a(memset.o)
 .data          0x00000000        0x0 D:/Freescale/CW MCU v10.7/MCU/ARM_GCC_Support/ewl/lib/armv6-m\libc.a(memset.o)
 .bss           0x00000000        0x0 D:/Freescale/CW MCU v10.7/MCU/ARM_GCC_Support/ewl/lib/armv6-m\libc.a(memset.o)
 .text          0x00000000        0x0 D:/Freescale/CW MCU v10.7/MCU/ARM_GCC_Support/ewl/lib/armv6-m\libc.a(__filll_mem.o)
 .data          0x00000000        0x0 D:/Freescale/CW MCU v10.7/MCU/ARM_GCC_Support/ewl/lib/armv6-m\libc.a(__filll_mem.o)
 .bss           0x00000000        0x0 D:/Freescale/CW MCU v10.7/MCU/ARM_GCC_Support/ewl/lib/armv6-m\libc.a(__filll_mem.o)
 .text          0x00000000        0x0 D:/Freescale/CW MCU v10.7/MCU/ARM_GCC_Support/ewl/lib/armv6-m\libc.a(printformat_.o)
 .data          0x00000000        0x0 D:/Freescale/CW MCU v10.7/MCU/ARM_GCC_Support/ewl/lib/armv6-m\libc.a(printformat_.o)
 .bss           0x00000000        0x0 D:/Freescale/CW MCU v10.7/MCU/ARM_GCC_Support/ewl/lib/armv6-m\libc.a(printformat_.o)
 .text          0x00000000        0x0 D:/Freescale/CW MCU v10.7/MCU/ARM_GCC_Support/ewl/lib/armv6-m\libc.a(scanformat_.o)
 .data          0x00000000        0x0 D:/Freescale/CW MCU v10.7/MCU/ARM_GCC_Support/ewl/lib/armv6-m\libc.a(scanformat_.o)
 .bss           0x00000000        0x0 D:/Freescale/CW MCU v10.7/MCU/ARM_GCC_Support/ewl/lib/armv6-m\libc.a(scanformat_.o)
 .text          0x00000000        0x0 D:/Freescale/CW MCU v10.7/MCU/ARM_GCC_Support/ewl/lib/armv6-m\libc.a(ctype_aeabi.o)
 .data          0x00000000        0x0 D:/Freescale/CW MCU v10.7/MCU/ARM_GCC_Support/ewl/lib/armv6-m\libc.a(ctype_aeabi.o)
 .bss           0x00000000        0x0 D:/Freescale/CW MCU v10.7/MCU/ARM_GCC_Support/ewl/lib/armv6-m\libc.a(ctype_aeabi.o)
 .text.isalnum  0x00000000       0x1c D:/Freescale/CW MCU v10.7/MCU/ARM_GCC_Support/ewl/lib/armv6-m\libc.a(ctype_aeabi.o)
 .text.iscntrl  0x00000000       0x20 D:/Freescale/CW MCU v10.7/MCU/ARM_GCC_Support/ewl/lib/armv6-m\libc.a(ctype_aeabi.o)
 .text.isdigit  0x00000000        0xe D:/Freescale/CW MCU v10.7/MCU/ARM_GCC_Support/ewl/lib/armv6-m\libc.a(ctype_aeabi.o)
 .text.isgraph  0x00000000       0x1c D:/Freescale/CW MCU v10.7/MCU/ARM_GCC_Support/ewl/lib/armv6-m\libc.a(ctype_aeabi.o)
 .text.islower  0x00000000       0x20 D:/Freescale/CW MCU v10.7/MCU/ARM_GCC_Support/ewl/lib/armv6-m\libc.a(ctype_aeabi.o)
 .text.isprint  0x00000000       0x1c D:/Freescale/CW MCU v10.7/MCU/ARM_GCC_Support/ewl/lib/armv6-m\libc.a(ctype_aeabi.o)
 .text.ispunct  0x00000000       0x20 D:/Freescale/CW MCU v10.7/MCU/ARM_GCC_Support/ewl/lib/armv6-m\libc.a(ctype_aeabi.o)
 .text.isupper  0x00000000       0x20 D:/Freescale/CW MCU v10.7/MCU/ARM_GCC_Support/ewl/lib/armv6-m\libc.a(ctype_aeabi.o)
 .text.isxdigit
                0x00000000       0x20 D:/Freescale/CW MCU v10.7/MCU/ARM_GCC_Support/ewl/lib/armv6-m\libc.a(ctype_aeabi.o)
 .text.isblank  0x00000000       0x28 D:/Freescale/CW MCU v10.7/MCU/ARM_GCC_Support/ewl/lib/armv6-m\libc.a(ctype_aeabi.o)
 .text.tolower  0x00000000        0xe D:/Freescale/CW MCU v10.7/MCU/ARM_GCC_Support/ewl/lib/armv6-m\libc.a(ctype_aeabi.o)
 .text          0x00000000        0x0 D:/Freescale/CW MCU v10.7/MCU/ARM_GCC_Support/ewl/lib/armv6-m\libc.a(__strtoul.o)
 .data          0x00000000        0x0 D:/Freescale/CW MCU v10.7/MCU/ARM_GCC_Support/ewl/lib/armv6-m\libc.a(__strtoul.o)
 .bss           0x00000000        0x0 D:/Freescale/CW MCU v10.7/MCU/ARM_GCC_Support/ewl/lib/armv6-m\libc.a(__strtoul.o)
 .text          0x00000000        0x0 D:/Freescale/CW MCU v10.7/MCU/ARM_GCC_Support/ewl/lib/armv6-m\libc.a(strchr.o)
 .data          0x00000000        0x0 D:/Freescale/CW MCU v10.7/MCU/ARM_GCC_Support/ewl/lib/armv6-m\libc.a(strchr.o)
 .bss           0x00000000        0x0 D:/Freescale/CW MCU v10.7/MCU/ARM_GCC_Support/ewl/lib/armv6-m\libc.a(strchr.o)
 .text          0x00000000        0x0 D:/Freescale/CW MCU v10.7/MCU/ARM_GCC_Support/ewl/lib/armv6-m\libc.a(memcpy.o)
 .data          0x00000000        0x0 D:/Freescale/CW MCU v10.7/MCU/ARM_GCC_Support/ewl/lib/armv6-m\libc.a(memcpy.o)
 .bss           0x00000000        0x0 D:/Freescale/CW MCU v10.7/MCU/ARM_GCC_Support/ewl/lib/armv6-m\libc.a(memcpy.o)
 .text          0x00000000        0x0 D:/Freescale/CW MCU v10.7/MCU/ARM_GCC_Support/ewl/lib/armv6-m\libc.a(strlen.o)
 .data          0x00000000        0x0 D:/Freescale/CW MCU v10.7/MCU/ARM_GCC_Support/ewl/lib/armv6-m\libc.a(strlen.o)
 .bss           0x00000000        0x0 D:/Freescale/CW MCU v10.7/MCU/ARM_GCC_Support/ewl/lib/armv6-m\libc.a(strlen.o)
 .text          0x00000000        0x0 D:/Freescale/CW MCU v10.7/MCU/ARM_GCC_Support/ewl/lib/armv6-m\libc.a(memchr.o)
 .data          0x00000000        0x0 D:/Freescale/CW MCU v10.7/MCU/ARM_GCC_Support/ewl/lib/armv6-m\libc.a(memchr.o)
 .bss           0x00000000        0x0 D:/Freescale/CW MCU v10.7/MCU/ARM_GCC_Support/ewl/lib/armv6-m\libc.a(memchr.o)
 .data          0x00000000        0x0 d:/freescale/cw mcu v10.7/cross_tools/arm-none-eabi-gcc-4_7_3/bin/../lib/gcc/arm-none-eabi/4.7.3/armv6-m\libgcc.a(_thumb1_case_sqi.o)
 .bss           0x00000000        0x0 d:/freescale/cw mcu v10.7/cross_tools/arm-none-eabi-gcc-4_7_3/bin/../lib/gcc/arm-none-eabi/4.7.3/armv6-m\libgcc.a(_thumb1_case_sqi.o)
 .data          0x00000000        0x0 d:/freescale/cw mcu v10.7/cross_tools/arm-none-eabi-gcc-4_7_3/bin/../lib/gcc/arm-none-eabi/4.7.3/armv6-m\libgcc.a(_thumb1_case_uqi.o)
 .bss           0x00000000        0x0 d:/freescale/cw mcu v10.7/cross_tools/arm-none-eabi-gcc-4_7_3/bin/../lib/gcc/arm-none-eabi/4.7.3/armv6-m\libgcc.a(_thumb1_case_uqi.o)
 .data          0x00000000        0x0 d:/freescale/cw mcu v10.7/cross_tools/arm-none-eabi-gcc-4_7_3/bin/../lib/gcc/arm-none-eabi/4.7.3/armv6-m\libgcc.a(_udivsi3.o)
 .bss           0x00000000        0x0 d:/freescale/cw mcu v10.7/cross_tools/arm-none-eabi-gcc-4_7_3/bin/../lib/gcc/arm-none-eabi/4.7.3/armv6-m\libgcc.a(_udivsi3.o)
 .data          0x00000000        0x0 d:/freescale/cw mcu v10.7/cross_tools/arm-none-eabi-gcc-4_7_3/bin/../lib/gcc/arm-none-eabi/4.7.3/armv6-m\libgcc.a(_dvmd_tls.o)
 .bss           0x00000000        0x0 d:/freescale/cw mcu v10.7/cross_tools/arm-none-eabi-gcc-4_7_3/bin/../lib/gcc/arm-none-eabi/4.7.3/armv6-m\libgcc.a(_dvmd_tls.o)
 .text          0x00000000        0x0 D:/Freescale/CW MCU v10.7/MCU/ARM_GCC_Support/ewl/lib/armv6-m\librt.a(gcc_ctor_dtor.o)
 .data          0x00000000        0x0 D:/Freescale/CW MCU v10.7/MCU/ARM_GCC_Support/ewl/lib/armv6-m\librt.a(gcc_ctor_dtor.o)
 .bss           0x00000000        0x0 D:/Freescale/CW MCU v10.7/MCU/ARM_GCC_Support/ewl/lib/armv6-m\librt.a(gcc_ctor_dtor.o)
 .bss.__dso_handle
                0x00000000        0x4 D:/Freescale/CW MCU v10.7/MCU/ARM_GCC_Support/ewl/lib/armv6-m\librt.a(gcc_ctor_dtor.o)
 .text          0x00000000        0x0 D:/Freescale/CW MCU v10.7/MCU/ARM_GCC_Support/ewl/lib/armv6-m\librt.a(__arm_eabi_init.o)
 .data          0x00000000        0x0 D:/Freescale/CW MCU v10.7/MCU/ARM_GCC_Support/ewl/lib/armv6-m\librt.a(__arm_eabi_init.o)
 .bss           0x00000000        0x0 D:/Freescale/CW MCU v10.7/MCU/ARM_GCC_Support/ewl/lib/armv6-m\librt.a(__arm_eabi_init.o)
 .text.__register_global_object
                0x00000000       0x14 D:/Freescale/CW MCU v10.7/MCU/ARM_GCC_Support/ewl/lib/armv6-m\librt.a(__arm_eabi_init.o)
 .text.__cxa_atexit
                0x00000000       0x38 D:/Freescale/CW MCU v10.7/MCU/ARM_GCC_Support/ewl/lib/armv6-m\librt.a(__arm_eabi_init.o)
 .text.__aeabi_atexit
                0x00000000        0xe D:/Freescale/CW MCU v10.7/MCU/ARM_GCC_Support/ewl/lib/armv6-m\librt.a(__arm_eabi_init.o)
 .text.__register_atexit
                0x00000000        0xc D:/Freescale/CW MCU v10.7/MCU/ARM_GCC_Support/ewl/lib/armv6-m\librt.a(__arm_eabi_init.o)
 .text.__init_hardware
                0x00000000        0x4 D:/Freescale/CW MCU v10.7/MCU/ARM_GCC_Support/ewl/lib/armv6-m\librt.a(__arm_eabi_init.o)
 .bss.atexit_curr_func
                0x00000000        0x4 D:/Freescale/CW MCU v10.7/MCU/ARM_GCC_Support/ewl/lib/armv6-m\librt.a(__arm_eabi_init.o)
 .bss.atexit_funcs
                0x00000000      0x300 D:/Freescale/CW MCU v10.7/MCU/ARM_GCC_Support/ewl/lib/armv6-m\librt.a(__arm_eabi_init.o)
 .text          0x00000000        0x0 D:/Freescale/CW MCU v10.7/MCU/ARM_GCC_Support/ewl/lib/armv6-m\librt.a(ROMCopy.o)
 .data          0x00000000        0x0 D:/Freescale/CW MCU v10.7/MCU/ARM_GCC_Support/ewl/lib/armv6-m\librt.a(ROMCopy.o)
 .bss           0x00000000        0x0 D:/Freescale/CW MCU v10.7/MCU/ARM_GCC_Support/ewl/lib/armv6-m\librt.a(ROMCopy.o)
 .text.__flush_cache
                0x00000000        0x2 D:/Freescale/CW MCU v10.7/MCU/ARM_GCC_Support/ewl/lib/armv6-m\librt.a(ROMCopy.o)

Memory Configuration

Name             Origin             Length             Attributes
m_interrupts     0x00000000         0x000000c0         xr
m_text           0x00000410         0x0001fbf0         xr
m_data           0x1ffff000         0x00004000         rw
m_cfmprotrom     0x00000400         0x00000010         xr
*default*        0x00000000         0xffffffff

Linker script and memory map

LOAD ./Generated_Code/WAIT1.o
LOAD ./Generated_Code/Vectors.o
LOAD ./Generated_Code/RxBuf.o
LOAD ./Generated_Code/PE_LDD.o
LOAD ./Generated_Code/MCUC1.o
LOAD ./Generated_Code/LEDpin3.o
LOAD ./Generated_Code/LEDpin2.o
LOAD ./Generated_Code/LEDpin1.o
LOAD ./Generated_Code/LEDR.o
LOAD ./Generated_Code/LEDG.o
LOAD ./Generated_Code/LEDB.o
LOAD ./Generated_Code/I2C2.o
LOAD ./Generated_Code/Cpu.o
LOAD ./Generated_Code/CS1.o
LOAD ./Generated_Code/BitIoLdd3.o
LOAD ./Generated_Code/BitIoLdd2.o
LOAD ./Generated_Code/BitIoLdd1.o
LOAD ./Generated_Code/AS1.o
LOAD ./Project_Settings/Startup_Code/__arm_start.o
LOAD ./Project_Settings/Startup_Code/__arm_end.o
LOAD ./Sources/sa_mtb.o
LOAD ./Sources/main.o
LOAD ./Sources/MMA8451.o
LOAD ./Sources/LEDLoop.o
LOAD ./Sources/Events.o
LOAD ./Sources/Application.o
                0x000015f0                __pformatter = __pformatter_
                [0x00001a18]                __sformatter = __sformatter
START GROUP
LOAD D:/Freescale/CW MCU v10.7/MCU/ARM_GCC_Support/ewl/lib/armv6-m\libc.a
LOAD D:/Freescale/CW MCU v10.7/MCU/ARM_GCC_Support/ewl/lib/armv6-m\libm.a
LOAD d:/freescale/cw mcu v10.7/cross_tools/arm-none-eabi-gcc-4_7_3/bin/../lib/gcc/arm-none-eabi/4.7.3/armv6-m\libgcc.a
LOAD D:/Freescale/CW MCU v10.7/MCU/ARM_GCC_Support/ewl/lib/armv6-m\librt.a
LOAD D:/Freescale/CW MCU v10.7/MCU/ARM_GCC_Support/ewl/lib/armv6-m\libuart.a
END GROUP
                0x20003000                _estack = 0x20003000
                0x20003000                __SP_INIT = _estack
                0x00000000                __heap_size = 0x0
                0x00000400                __stack_size = 0x400

.interrupts     0x00000000       0xc0
                0x00000000                __vector_table = .
                0x00000000                . = ALIGN (0x4)
 *(.vectortable)
 .vectortable   0x00000000       0xc0 ./Generated_Code/Vectors.o
                0x00000000                __vect_table
                0x000000c0                . = ALIGN (0x4)

.cfmprotect     0x00000400       0x10
                0x00000400                . = ALIGN (0x4)
 *(.cfmconfig)
 .cfmconfig     0x00000400       0x10 ./Generated_Code/Cpu.o
                0x00000400                _cfm
                0x00000410                . = ALIGN (0x4)

.text           0x00000410     0x2158
                0x00000410                . = ALIGN (0x4)
 *(.text)
 .text          0x00000410       0x14 d:/freescale/cw mcu v10.7/cross_tools/arm-none-eabi-gcc-4_7_3/bin/../lib/gcc/arm-none-eabi/4.7.3/armv6-m\libgcc.a(_thumb1_case_sqi.o)
                0x00000410                __gnu_thumb1_case_sqi
 .text          0x00000424       0x14 d:/freescale/cw mcu v10.7/cross_tools/arm-none-eabi-gcc-4_7_3/bin/../lib/gcc/arm-none-eabi/4.7.3/armv6-m\libgcc.a(_thumb1_case_uqi.o)
                0x00000424                __gnu_thumb1_case_uqi
 .text          0x00000438       0x9c d:/freescale/cw mcu v10.7/cross_tools/arm-none-eabi-gcc-4_7_3/bin/../lib/gcc/arm-none-eabi/4.7.3/armv6-m\libgcc.a(_udivsi3.o)
                0x00000438                __aeabi_uidiv
                0x00000438                __udivsi3
                0x000004c0                __aeabi_uidivmod
 .text          0x000004d4        0x4 d:/freescale/cw mcu v10.7/cross_tools/arm-none-eabi-gcc-4_7_3/bin/../lib/gcc/arm-none-eabi/4.7.3/armv6-m\libgcc.a(_dvmd_tls.o)
                0x000004d4                __aeabi_idiv0
                0x000004d4                __aeabi_ldiv0
 *(.text*)
 .text.WAIT1_Init
                0x000004d8        0x8 ./Generated_Code/WAIT1.o
                0x000004d8                WAIT1_Init
 .text.RxBuf_Init
                0x000004e0       0x28 ./Generated_Code/RxBuf.o
                0x000004e0                RxBuf_Init
 .text.LEDR_Init
                0x00000508       0x18 ./Generated_Code/LEDR.o
                0x00000508                LEDR_Init
 .text.LEDG_Init
                0x00000520       0x18 ./Generated_Code/LEDG.o
                0x00000520                LEDG_Init
 .text.LEDB_Init
                0x00000538       0x18 ./Generated_Code/LEDB.o
                0x00000538                LEDB_Init
 .text.I2C2_Interrupt
                0x00000550      0x208 ./Generated_Code/I2C2.o
                0x00000550                I2C2_Interrupt
 .text.I2C2_Init
                0x00000758      0x110 ./Generated_Code/I2C2.o
                0x00000758                I2C2_Init
 .text.I2C2_MasterSendBlock
                0x00000868      0x13c ./Generated_Code/I2C2.o
                0x00000868                I2C2_MasterSendBlock
 .text.I2C2_MasterReceiveBlock
                0x000009a4      0x148 ./Generated_Code/I2C2.o
                0x000009a4                I2C2_MasterReceiveBlock
 .text.Cpu_INT_NMIInterrupt
                0x00000aec        0xc ./Generated_Code/Cpu.o
                0x00000aec                Cpu_INT_NMIInterrupt
 .text.Cpu_Interrupt
                0x00000af8        0xc ./Generated_Code/Cpu.o
                0x00000af8                Cpu_Interrupt
 .text.__init_hardware
                0x00000b04      0x110 ./Generated_Code/Cpu.o
                0x00000b04                __init_hardware
 .text.PE_low_level_init
                0x00000c14       0xf0 ./Generated_Code/Cpu.o
                0x00000c14                PE_low_level_init
 .text.BitIoLdd3_Init
                0x00000d04       0x60 ./Generated_Code/BitIoLdd3.o
                0x00000d04                BitIoLdd3_Init
 .text.BitIoLdd3_ClrVal
                0x00000d64       0x18 ./Generated_Code/BitIoLdd3.o
                0x00000d64                BitIoLdd3_ClrVal
 .text.BitIoLdd3_SetVal
                0x00000d7c       0x18 ./Generated_Code/BitIoLdd3.o
                0x00000d7c                BitIoLdd3_SetVal
 .text.BitIoLdd2_Init
                0x00000d94       0x68 ./Generated_Code/BitIoLdd2.o
                0x00000d94                BitIoLdd2_Init
 .text.BitIoLdd2_ClrVal
                0x00000dfc       0x1c ./Generated_Code/BitIoLdd2.o
                0x00000dfc                BitIoLdd2_ClrVal
 .text.BitIoLdd2_SetVal
                0x00000e18       0x1c ./Generated_Code/BitIoLdd2.o
                0x00000e18                BitIoLdd2_SetVal
 .text.BitIoLdd1_Init
                0x00000e34       0x68 ./Generated_Code/BitIoLdd1.o
                0x00000e34                BitIoLdd1_Init
 .text.BitIoLdd1_ClrVal
                0x00000e9c       0x1c ./Generated_Code/BitIoLdd1.o
                0x00000e9c                BitIoLdd1_ClrVal
 .text.BitIoLdd1_SetVal
                0x00000eb8       0x1c ./Generated_Code/BitIoLdd1.o
                0x00000eb8                BitIoLdd1_SetVal
 .text.AS1_ReceiveBlock
                0x00000ed4       0x98 ./Generated_Code/AS1.o
                0x00000ed4                AS1_ReceiveBlock
 .text.InterruptRx
                0x00000f6c       0x58 ./Generated_Code/AS1.o
 .text.InterruptTx
                0x00000fc4       0x80 ./Generated_Code/AS1.o
 .text.AS1_Interrupt
                0x00001044       0x60 ./Generated_Code/AS1.o
                0x00001044                AS1_Interrupt
 .text.zero_fill_bss
                0x000010a4       0x24 ./Project_Settings/Startup_Code/__arm_start.o
 .text.__thumb_startup
                0x000010c8       0x30 ./Project_Settings/Startup_Code/__arm_start.o
                0x000010c8                __thumb_startup
 .text._ExitProcess
                0x000010f8        0xc ./Project_Settings/Startup_Code/__arm_end.o
                0x000010f8                _ExitProcess
 .text.main     0x00001104       0x10 ./Sources/main.o
                0x00001104                main
 .text.MMA8451_ReadReg
                0x00001114       0x9c ./Sources/MMA8451.o
                0x00001114                MMA8451_ReadReg
 .text.MMA8451_WriteReg
                0x000011b0       0x74 ./Sources/MMA8451.o
                0x000011b0                MMA8451_WriteReg
 .text.MMA8451_Run
                0x00001224       0xec ./Sources/MMA8451.o
                0x00001224                MMA8451_Run
 .text.Cpu_OnNMIINT
                0x00001310        0x8 ./Sources/Events.o
                0x00001310                Cpu_OnNMIINT
 .text.AS1_OnBlockReceived
                0x00001318       0x30 ./Sources/Events.o
                0x00001318                AS1_OnBlockReceived
 .text.AS1_OnBlockSent
                0x00001348       0x18 ./Sources/Events.o
                0x00001348                AS1_OnBlockSent
 .text.I2C2_OnMasterBlockSent
                0x00001360       0x18 ./Sources/Events.o
                0x00001360                I2C2_OnMasterBlockSent
 .text.I2C2_OnMasterBlockReceived
                0x00001378       0x18 ./Sources/Events.o
                0x00001378                I2C2_OnMasterBlockReceived
 .text.exit     0x00001390       0x38 D:/Freescale/CW MCU v10.7/MCU/ARM_GCC_Support/ewl/lib/armv6-m\libc.a(exit.o)
                0x00001390                exit
 .text.memset   0x000013c8        0xc D:/Freescale/CW MCU v10.7/MCU/ARM_GCC_Support/ewl/lib/armv6-m\libc.a(memset.o)
                0x000013c8                memset
 .text.__fill_mem
                0x000013d4       0x7e D:/Freescale/CW MCU v10.7/MCU/ARM_GCC_Support/ewl/lib/armv6-m\libc.a(__filll_mem.o)
                0x000013d4                __fill_mem
 *fill*         0x00001452        0x2 00
 .text.long2str.isra.0
                0x00001454      0x19c D:/Freescale/CW MCU v10.7/MCU/ARM_GCC_Support/ewl/lib/armv6-m\libc.a(printformat_.o)
 .text.__pformatter_
                0x000015f0      0x428 D:/Freescale/CW MCU v10.7/MCU/ARM_GCC_Support/ewl/lib/armv6-m\libc.a(printformat_.o)
                0x000015f0                __pformatter_
 .text.__sformatter
                0x00001a18      0x698 D:/Freescale/CW MCU v10.7/MCU/ARM_GCC_Support/ewl/lib/armv6-m\libc.a(scanformat_.o)
                0x00001a18                __sformatter
 .text.isalpha  0x000020b0       0x20 D:/Freescale/CW MCU v10.7/MCU/ARM_GCC_Support/ewl/lib/armv6-m\libc.a(ctype_aeabi.o)
                0x000020b0                isalpha
 .text.isspace  0x000020d0       0x20 D:/Freescale/CW MCU v10.7/MCU/ARM_GCC_Support/ewl/lib/armv6-m\libc.a(ctype_aeabi.o)
                0x000020d0                isspace
 .text.toupper  0x000020f0        0xe D:/Freescale/CW MCU v10.7/MCU/ARM_GCC_Support/ewl/lib/armv6-m\libc.a(ctype_aeabi.o)
                0x000020f0                toupper
 .text.__strtoul
                0x000020fe      0x1ce D:/Freescale/CW MCU v10.7/MCU/ARM_GCC_Support/ewl/lib/armv6-m\libc.a(__strtoul.o)
                0x000020fe                __strtoul
 .text.strchr   0x000022cc       0x1e D:/Freescale/CW MCU v10.7/MCU/ARM_GCC_Support/ewl/lib/armv6-m\libc.a(strchr.o)
                0x000022cc                strchr
 .text.memcpy   0x000022ea       0x12 D:/Freescale/CW MCU v10.7/MCU/ARM_GCC_Support/ewl/lib/armv6-m\libc.a(memcpy.o)
                0x000022ea                memcpy
 .text.strlen   0x000022fc       0x10 D:/Freescale/CW MCU v10.7/MCU/ARM_GCC_Support/ewl/lib/armv6-m\libc.a(strlen.o)
                0x000022fc                strlen
 .text.memchr   0x0000230c       0x1a D:/Freescale/CW MCU v10.7/MCU/ARM_GCC_Support/ewl/lib/armv6-m\libc.a(memchr.o)
                0x0000230c                memchr
 *fill*         0x00002326        0x2 00
 .text.__init_cpp
                0x00002328       0x48 D:/Freescale/CW MCU v10.7/MCU/ARM_GCC_Support/ewl/lib/armv6-m\librt.a(gcc_ctor_dtor.o)
                0x00002328                __init_cpp
 .text.__fini_cpp
                0x00002370       0x34 D:/Freescale/CW MCU v10.7/MCU/ARM_GCC_Support/ewl/lib/armv6-m\librt.a(gcc_ctor_dtor.o)
                0x00002370                __fini_cpp
 .text.__destroy_global_chain
                0x000023a4       0x1c D:/Freescale/CW MCU v10.7/MCU/ARM_GCC_Support/ewl/lib/armv6-m\librt.a(__arm_eabi_init.o)
                0x000023a4                __destroy_global_chain
 .text.__init_registers
                0x000023c0       0x1c D:/Freescale/CW MCU v10.7/MCU/ARM_GCC_Support/ewl/lib/armv6-m\librt.a(__arm_eabi_init.o)
                0x000023c0                __init_registers
 .text.__init_user
                0x000023dc        0x4 D:/Freescale/CW MCU v10.7/MCU/ARM_GCC_Support/ewl/lib/armv6-m\librt.a(__arm_eabi_init.o)
                0x000023dc                __init_user
 .text.__copy_rom_section
                0x000023e0       0x48 D:/Freescale/CW MCU v10.7/MCU/ARM_GCC_Support/ewl/lib/armv6-m\librt.a(ROMCopy.o)
                0x000023e0                __copy_rom_section
 .text.__copy_rom_sections_to_ram
                0x00002428       0x34 D:/Freescale/CW MCU v10.7/MCU/ARM_GCC_Support/ewl/lib/armv6-m\librt.a(ROMCopy.o)
                0x00002428                __copy_rom_sections_to_ram
 *(.rodata)
 *(.rodata*)
 .rodata.str1.1
                0x0000245c        0x1 D:/Freescale/CW MCU v10.7/MCU/ARM_GCC_Support/ewl/lib/armv6-m\libc.a(printformat_.o)
 .rodata.CSWTCH.20
                0x0000245d        0x5 D:/Freescale/CW MCU v10.7/MCU/ARM_GCC_Support/ewl/lib/armv6-m\libc.a(printformat_.o)
 .rodata.CSWTCH.21
                0x00002462        0x5 D:/Freescale/CW MCU v10.7/MCU/ARM_GCC_Support/ewl/lib/armv6-m\libc.a(printformat_.o)
 .rodata.__aeabi_ctype_table_C
                0x00002467      0x101 D:/Freescale/CW MCU v10.7/MCU/ARM_GCC_Support/ewl/lib/armv6-m\libc.a(ctype_aeabi.o)
                0x00002467                __aeabi_ctype_table_C
 *(.glue_7)
 .glue_7        0x00000000        0x0 linker stubs
 *(.glue_7t)
 .glue_7t       0x00000000        0x0 linker stubs
 *(.eh_frame)
 *(.init)
 *(.fini)
                0x00002568                . = ALIGN (0x4)
                0x00002568                _etext = .

.vfp11_veneer   0x00002568        0x0
 .vfp11_veneer  0x00000000        0x0 linker stubs

.v4_bx          0x00002568        0x0
 .v4_bx         0x00000000        0x0 linker stubs

.iplt           0x00002568        0x0
 .iplt          0x00000000        0x0 ./Generated_Code/WAIT1.o

.rel.dyn        0x00002568        0x0
 .rel.iplt      0x00000000        0x0 ./Generated_Code/WAIT1.o

.ARM.extab
 *(.ARM.extab* .gnu.linkonce.armextab.*)

.ARM            0x00002568        0x0
                0x00002568                __exidx_start = .
 *(.ARM.exidx*)
                0x00002568                __exidx_end = .

.ctors          0x00002568        0x0
                0x00002568                __CTOR_LIST__ = .
 *crtbegin.o(.ctors)
 *(EXCLUDE_FILE(*crtend.o) .ctors)
 *(SORT(.ctors.*))
 *(.ctors)
                0x00002568                __CTOR_END__ = .

.dtors          0x00002568        0x0
                0x00002568                __DTOR_LIST__ = .
 *crtbegin.o(.dtors)
 *(EXCLUDE_FILE(*crtend.o) .dtors)
 *(SORT(.dtors.*))
 *(.dtors)
                0x00002568                __DTOR_END__ = .

.preinit_array  0x00002568        0x0
                0x00002568                PROVIDE (__preinit_array_start, .)
 *(.preinit_array*)
                0x00002568                PROVIDE (__preinit_array_end, .)

.init_array     0x00002568        0x0
                0x00002568                PROVIDE (__init_array_start, .)
 *(SORT(.init_array.*))
 *(.init_array*)
                0x00002568                PROVIDE (__init_array_end, .)

.fini_array     0x00002568        0x0
                0x00002568                PROVIDE (__fini_array_start, .)
 *(SORT(.fini_array.*))
 *(.fini_array*)
                0x00002568                PROVIDE (__fini_array_end, .)
                0x00002568                ___ROM_AT = .

.mtb            0x1ffff000        0x0
                0x1ffff000                . = ALIGN (0x8)
                0x1ffff000                _mtb_start = .
 *(.mtb_buf)
                0x1ffff000                . = ALIGN (0x8)
                0x1ffff000                _mtb_end = .

.data           0x1ffff000        0x0 load address 0x00002568
                0x1ffff000                . = ALIGN (0x4)
                0x1ffff000                _sdata = .
 *(.data)
 *(.data*)
                0x1ffff000                . = ALIGN (0x4)
                0x1ffff000                _edata = .
                0x00000000                ___data_size = (_edata - _sdata)

.igot.plt       0x1ffff000        0x0
 .igot.plt      0x00000000        0x0 ./Generated_Code/WAIT1.o
                0x1ffff000                . = ALIGN (0x4)

.bss            0x1ffff000       0x70
                0x1ffff000                __START_BSS = .
                0x1ffff000                PROVIDE (__bss_start__, __START_BSS)
 *(.bss)
 *(.bss*)
 .bss.RxBuf_inIdx
                0x1ffff000        0x1 ./Generated_Code/RxBuf.o
 .bss.RxBuf_outIdx
                0x1ffff001        0x1 ./Generated_Code/RxBuf.o
 .bss.RxBuf_inSize
                0x1ffff002        0x1 ./Generated_Code/RxBuf.o
 *fill*         0x1ffff003        0x1 00
 .bss.PE_LDD_DeviceDataList
                0x1ffff004       0x14 ./Generated_Code/PE_LDD.o
                0x1ffff004                PE_LDD_DeviceDataList
 .bss.DeviceDataPrv__DEFAULT_RTOS_ALLOC
                0x1ffff018       0x14 ./Generated_Code/I2C2.o
 .bss.INT_I2C0__DEFAULT_RTOS_ISRPARAM
                0x1ffff02c        0x4 ./Generated_Code/I2C2.o
 .bss.SR_lock   0x1ffff030        0x1 ./Generated_Code/Cpu.o
                0x1ffff030                SR_lock
 *fill*         0x1ffff031        0x3 00
 .bss.DeviceDataPrv__DEFAULT_RTOS_ALLOC
                0x1ffff034        0x4 ./Generated_Code/BitIoLdd3.o
 .bss.DeviceDataPrv__DEFAULT_RTOS_ALLOC
                0x1ffff038        0x4 ./Generated_Code/BitIoLdd2.o
 .bss.DeviceDataPrv__DEFAULT_RTOS_ALLOC
                0x1ffff03c        0x4 ./Generated_Code/BitIoLdd1.o
 .bss.INT_UART0__DEFAULT_RTOS_ISRPARAM
                0x1ffff040        0x4 ./Generated_Code/AS1.o
 .bss.argv      0x1ffff044        0x4 ./Project_Settings/Startup_Code/__arm_start.o
 .bss.MMA8451_deviceData
                0x1ffff048        0x8 ./Sources/MMA8451.o
 .bss.xyz       0x1ffff050        0x4 ./Sources/MMA8451.o
 .bss.__stdio_exit
                0x1ffff054        0x4 D:/Freescale/CW MCU v10.7/MCU/ARM_GCC_Support/ewl/lib/armv6-m\libc.a(exit.o)
                0x1ffff054                __stdio_exit
 .bss.__console_exit
                0x1ffff058        0x4 D:/Freescale/CW MCU v10.7/MCU/ARM_GCC_Support/ewl/lib/armv6-m\libc.a(exit.o)
                0x1ffff058                __console_exit
 .bss.__global_destructor_chain
                0x1ffff05c        0x4 D:/Freescale/CW MCU v10.7/MCU/ARM_GCC_Support/ewl/lib/armv6-m\librt.a(__arm_eabi_init.o)
                0x1ffff05c                __global_destructor_chain
 .bss.__S_romp  0x1ffff060        0xc D:/Freescale/CW MCU v10.7/MCU/ARM_GCC_Support/ewl/lib/armv6-m\librt.a(ROMCopy.o)
 *(COMMON)
 COMMON         0x1ffff06c        0x1 ./Generated_Code/Cpu.o
                0x1ffff06c                SR_reg
                0x1ffff070                . = ALIGN (0x4)
 *fill*         0x1ffff06d        0x3 00
                0x1ffff070                __END_BSS = .
                0x1ffff070                PROVIDE (__bss_end__, __END_BSS)
                0x00002568                _romp_at = (___ROM_AT + SIZEOF (.data))

.romp           0x1ffff070       0x18 load address 0x00002568
                0x00002568                __S_romp = _romp_at
                0x1ffff070        0x4 LONG 0x2568 ___ROM_AT
                0x1ffff074        0x4 LONG 0x1ffff000 _sdata
                0x1ffff078        0x4 LONG 0x0 ___data_size
                0x1ffff07c        0x4 LONG 0x0
                0x1ffff080        0x4 LONG 0x0
                0x1ffff084        0x4 LONG 0x0

._user_heap_stack
                0x1ffff088      0x400 load address 0x00002580
                0x1ffff088                . = ALIGN (0x4)
                0x1ffff088                PROVIDE (end, .)
                0x1ffff088                PROVIDE (_end, .)
                0x1ffff088                __heap_addr = .
                0x1ffff088                . = (. + __heap_size)
                0x1ffff488                . = (. + __stack_size)
 *fill*         0x1ffff088      0x400 00
                0x1ffff488                . = ALIGN (0x4)

.ARM.attributes
                0x00000000       0x31
 *(.ARM.attributes)
 .ARM.attributes
                0x00000000       0x31 ./Generated_Code/WAIT1.o
 .ARM.attributes
                0x00000031       0x31 ./Generated_Code/Vectors.o
 .ARM.attributes
                0x00000062       0x31 ./Generated_Code/RxBuf.o
 .ARM.attributes
                0x00000093       0x31 ./Generated_Code/PE_LDD.o
 .ARM.attributes
                0x000000c4       0x31 ./Generated_Code/LEDR.o
 .ARM.attributes
                0x000000f5       0x31 ./Generated_Code/LEDG.o
 .ARM.attributes
                0x00000126       0x31 ./Generated_Code/LEDB.o
 .ARM.attributes
                0x00000157       0x31 ./Generated_Code/I2C2.o
 .ARM.attributes
                0x00000188       0x31 ./Generated_Code/Cpu.o
 .ARM.attributes
                0x000001b9       0x31 ./Generated_Code/BitIoLdd3.o
 .ARM.attributes
                0x000001ea       0x31 ./Generated_Code/BitIoLdd2.o
 .ARM.attributes
                0x0000021b       0x31 ./Generated_Code/BitIoLdd1.o
 .ARM.attributes
                0x0000024c       0x31 ./Generated_Code/AS1.o
 .ARM.attributes
                0x0000027d       0x31 ./Project_Settings/Startup_Code/__arm_start.o
 .ARM.attributes
                0x000002ae       0x31 ./Project_Settings/Startup_Code/__arm_end.o
 .ARM.attributes
                0x000002df       0x31 ./Sources/main.o
 .ARM.attributes
                0x00000310       0x31 ./Sources/MMA8451.o
 .ARM.attributes
                0x00000341       0x31 ./Sources/Events.o
 .ARM.attributes
                0x00000372       0x31 D:/Freescale/CW MCU v10.7/MCU/ARM_GCC_Support/ewl/lib/armv6-m\libc.a(exit.o)
 .ARM.attributes
                0x000003a3       0x31 D:/Freescale/CW MCU v10.7/MCU/ARM_GCC_Support/ewl/lib/armv6-m\libc.a(memset.o)
 .ARM.attributes
                0x000003d4       0x31 D:/Freescale/CW MCU v10.7/MCU/ARM_GCC_Support/ewl/lib/armv6-m\libc.a(__filll_mem.o)
 .ARM.attributes
                0x00000405       0x31 D:/Freescale/CW MCU v10.7/MCU/ARM_GCC_Support/ewl/lib/armv6-m\libc.a(printformat_.o)
 .ARM.attributes
                0x00000436       0x31 D:/Freescale/CW MCU v10.7/MCU/ARM_GCC_Support/ewl/lib/armv6-m\libc.a(scanformat_.o)
 .ARM.attributes
                0x00000467       0x31 D:/Freescale/CW MCU v10.7/MCU/ARM_GCC_Support/ewl/lib/armv6-m\libc.a(ctype_aeabi.o)
 .ARM.attributes
                0x00000498       0x31 D:/Freescale/CW MCU v10.7/MCU/ARM_GCC_Support/ewl/lib/armv6-m\libc.a(__strtoul.o)
 .ARM.attributes
                0x000004c9       0x31 D:/Freescale/CW MCU v10.7/MCU/ARM_GCC_Support/ewl/lib/armv6-m\libc.a(strchr.o)
 .ARM.attributes
                0x000004fa       0x31 D:/Freescale/CW MCU v10.7/MCU/ARM_GCC_Support/ewl/lib/armv6-m\libc.a(memcpy.o)
 .ARM.attributes
                0x0000052b       0x31 D:/Freescale/CW MCU v10.7/MCU/ARM_GCC_Support/ewl/lib/armv6-m\libc.a(strlen.o)
 .ARM.attributes
                0x0000055c       0x31 D:/Freescale/CW MCU v10.7/MCU/ARM_GCC_Support/ewl/lib/armv6-m\libc.a(memchr.o)
 .ARM.attributes
                0x0000058d       0x1e d:/freescale/cw mcu v10.7/cross_tools/arm-none-eabi-gcc-4_7_3/bin/../lib/gcc/arm-none-eabi/4.7.3/armv6-m\libgcc.a(_thumb1_case_sqi.o)
 .ARM.attributes
                0x000005ab       0x1e d:/freescale/cw mcu v10.7/cross_tools/arm-none-eabi-gcc-4_7_3/bin/../lib/gcc/arm-none-eabi/4.7.3/armv6-m\libgcc.a(_thumb1_case_uqi.o)
 .ARM.attributes
                0x000005c9       0x1e d:/freescale/cw mcu v10.7/cross_tools/arm-none-eabi-gcc-4_7_3/bin/../lib/gcc/arm-none-eabi/4.7.3/armv6-m\libgcc.a(_udivsi3.o)
 .ARM.attributes
                0x000005e7       0x1e d:/freescale/cw mcu v10.7/cross_tools/arm-none-eabi-gcc-4_7_3/bin/../lib/gcc/arm-none-eabi/4.7.3/armv6-m\libgcc.a(_dvmd_tls.o)
 .ARM.attributes
                0x00000605       0x31 D:/Freescale/CW MCU v10.7/MCU/ARM_GCC_Support/ewl/lib/armv6-m\librt.a(gcc_ctor_dtor.o)
 .ARM.attributes
                0x00000636       0x31 D:/Freescale/CW MCU v10.7/MCU/ARM_GCC_Support/ewl/lib/armv6-m\librt.a(__arm_eabi_init.o)
 .ARM.attributes
                0x00000667       0x31 D:/Freescale/CW MCU v10.7/MCU/ARM_GCC_Support/ewl/lib/armv6-m\librt.a(ROMCopy.o)
OUTPUT(FRDM-KL25ZUART.elf elf32-littlearm)

.debug_info     0x00000000     0x5171
 .debug_info    0x00000000      0x165 ./Generated_Code/WAIT1.o
 .debug_info    0x00000165      0x104 ./Generated_Code/Vectors.o
 .debug_info    0x00000269      0x40c ./Generated_Code/RxBuf.o
 .debug_info    0x00000675      0x24e ./Generated_Code/PE_LDD.o
 .debug_info    0x000008c3       0xf8 ./Generated_Code/LEDR.o
 .debug_info    0x000009bb       0xf8 ./Generated_Code/LEDG.o
 .debug_info    0x00000ab3       0xf8 ./Generated_Code/LEDB.o
 .debug_info    0x00000bab      0x7bf ./Generated_Code/I2C2.o
 .debug_info    0x0000136a      0x8e1 ./Generated_Code/Cpu.o
 .debug_info    0x00001c4b      0x38b ./Generated_Code/BitIoLdd3.o
 .debug_info    0x00001fd6      0x38b ./Generated_Code/BitIoLdd2.o
 .debug_info    0x00002361      0x38b ./Generated_Code/BitIoLdd1.o
 .debug_info    0x000026ec      0x7e3 ./Generated_Code/AS1.o
 .debug_info    0x00002ecf      0x12a ./Project_Settings/Startup_Code/__arm_start.o
 .debug_info    0x00002ff9       0x54 ./Project_Settings/Startup_Code/__arm_end.o
 .debug_info    0x0000304d       0x8f ./Sources/main.o
 .debug_info    0x000030dc      0x231 ./Sources/MMA8451.o
 .debug_info    0x0000330d      0x24c ./Sources/Events.o
 .debug_info    0x00003559       0xe8 D:/Freescale/CW MCU v10.7/MCU/ARM_GCC_Support/ewl/lib/armv6-m\libc.a(exit.o)
 .debug_info    0x00003641       0xec D:/Freescale/CW MCU v10.7/MCU/ARM_GCC_Support/ewl/lib/armv6-m\libc.a(memset.o)
 .debug_info    0x0000372d      0x137 D:/Freescale/CW MCU v10.7/MCU/ARM_GCC_Support/ewl/lib/armv6-m\libc.a(__filll_mem.o)
 .debug_info    0x00003864      0x50d D:/Freescale/CW MCU v10.7/MCU/ARM_GCC_Support/ewl/lib/armv6-m\libc.a(printformat_.o)
 .debug_info    0x00003d71      0x568 D:/Freescale/CW MCU v10.7/MCU/ARM_GCC_Support/ewl/lib/armv6-m\libc.a(scanformat_.o)
 .debug_info    0x000042d9      0x313 D:/Freescale/CW MCU v10.7/MCU/ARM_GCC_Support/ewl/lib/armv6-m\libc.a(ctype_aeabi.o)
 .debug_info    0x000045ec      0x1d6 D:/Freescale/CW MCU v10.7/MCU/ARM_GCC_Support/ewl/lib/armv6-m\libc.a(__strtoul.o)
 .debug_info    0x000047c2      0x10b D:/Freescale/CW MCU v10.7/MCU/ARM_GCC_Support/ewl/lib/armv6-m\libc.a(strchr.o)
 .debug_info    0x000048cd      0x10f D:/Freescale/CW MCU v10.7/MCU/ARM_GCC_Support/ewl/lib/armv6-m\libc.a(memcpy.o)
 .debug_info    0x000049dc       0xea D:/Freescale/CW MCU v10.7/MCU/ARM_GCC_Support/ewl/lib/armv6-m\libc.a(strlen.o)
 .debug_info    0x00004ac6      0x121 D:/Freescale/CW MCU v10.7/MCU/ARM_GCC_Support/ewl/lib/armv6-m\libc.a(memchr.o)
 .debug_info    0x00004be7      0x136 D:/Freescale/CW MCU v10.7/MCU/ARM_GCC_Support/ewl/lib/armv6-m\librt.a(gcc_ctor_dtor.o)
 .debug_info    0x00004d1d      0x2b9 D:/Freescale/CW MCU v10.7/MCU/ARM_GCC_Support/ewl/lib/armv6-m\librt.a(__arm_eabi_init.o)
 .debug_info    0x00004fd6      0x19b D:/Freescale/CW MCU v10.7/MCU/ARM_GCC_Support/ewl/lib/armv6-m\librt.a(ROMCopy.o)

.debug_abbrev   0x00000000     0x1c0d
 .debug_abbrev  0x00000000       0xa3 ./Generated_Code/WAIT1.o
 .debug_abbrev  0x000000a3       0xa3 ./Generated_Code/Vectors.o
 .debug_abbrev  0x00000146      0x13d ./Generated_Code/RxBuf.o
 .debug_abbrev  0x00000283      0x102 ./Generated_Code/PE_LDD.o
 .debug_abbrev  0x00000385       0xa3 ./Generated_Code/LEDR.o
 .debug_abbrev  0x00000428       0xa3 ./Generated_Code/LEDG.o
 .debug_abbrev  0x000004cb       0xa3 ./Generated_Code/LEDB.o
 .debug_abbrev  0x0000056e      0x162 ./Generated_Code/I2C2.o
 .debug_abbrev  0x000006d0      0x122 ./Generated_Code/Cpu.o
 .debug_abbrev  0x000007f2      0x11c ./Generated_Code/BitIoLdd3.o
 .debug_abbrev  0x0000090e      0x11c ./Generated_Code/BitIoLdd2.o
 .debug_abbrev  0x00000a2a      0x11c ./Generated_Code/BitIoLdd1.o
 .debug_abbrev  0x00000b46      0x189 ./Generated_Code/AS1.o
 .debug_abbrev  0x00000ccf       0x92 ./Project_Settings/Startup_Code/__arm_start.o
 .debug_abbrev  0x00000d61       0x4c ./Project_Settings/Startup_Code/__arm_end.o
 .debug_abbrev  0x00000dad       0x3f ./Sources/main.o
 .debug_abbrev  0x00000dec      0x116 ./Sources/MMA8451.o
 .debug_abbrev  0x00000f02       0xdd ./Sources/Events.o
 .debug_abbrev  0x00000fdf       0x7a D:/Freescale/CW MCU v10.7/MCU/ARM_GCC_Support/ewl/lib/armv6-m\libc.a(exit.o)
 .debug_abbrev  0x00001059       0x62 D:/Freescale/CW MCU v10.7/MCU/ARM_GCC_Support/ewl/lib/armv6-m\libc.a(memset.o)
 .debug_abbrev  0x000010bb       0x78 D:/Freescale/CW MCU v10.7/MCU/ARM_GCC_Support/ewl/lib/armv6-m\libc.a(__filll_mem.o)
 .debug_abbrev  0x00001133      0x200 D:/Freescale/CW MCU v10.7/MCU/ARM_GCC_Support/ewl/lib/armv6-m\libc.a(printformat_.o)
 .debug_abbrev  0x00001333      0x1f0 D:/Freescale/CW MCU v10.7/MCU/ARM_GCC_Support/ewl/lib/armv6-m\libc.a(scanformat_.o)
 .debug_abbrev  0x00001523       0x9e D:/Freescale/CW MCU v10.7/MCU/ARM_GCC_Support/ewl/lib/armv6-m\libc.a(ctype_aeabi.o)
 .debug_abbrev  0x000015c1       0xc2 D:/Freescale/CW MCU v10.7/MCU/ARM_GCC_Support/ewl/lib/armv6-m\libc.a(__strtoul.o)
 .debug_abbrev  0x00001683       0x7a D:/Freescale/CW MCU v10.7/MCU/ARM_GCC_Support/ewl/lib/armv6-m\libc.a(strchr.o)
 .debug_abbrev  0x000016fd       0x95 D:/Freescale/CW MCU v10.7/MCU/ARM_GCC_Support/ewl/lib/armv6-m\libc.a(memcpy.o)
 .debug_abbrev  0x00001792       0x7a D:/Freescale/CW MCU v10.7/MCU/ARM_GCC_Support/ewl/lib/armv6-m\libc.a(strlen.o)
 .debug_abbrev  0x0000180c       0x95 D:/Freescale/CW MCU v10.7/MCU/ARM_GCC_Support/ewl/lib/armv6-m\libc.a(memchr.o)
 .debug_abbrev  0x000018a1       0x99 D:/Freescale/CW MCU v10.7/MCU/ARM_GCC_Support/ewl/lib/armv6-m\librt.a(gcc_ctor_dtor.o)
 .debug_abbrev  0x0000193a      0x1b3 D:/Freescale/CW MCU v10.7/MCU/ARM_GCC_Support/ewl/lib/armv6-m\librt.a(__arm_eabi_init.o)
 .debug_abbrev  0x00001aed      0x120 D:/Freescale/CW MCU v10.7/MCU/ARM_GCC_Support/ewl/lib/armv6-m\librt.a(ROMCopy.o)

.debug_loc      0x00000000     0x351f
 .debug_loc     0x00000000      0x100 ./Generated_Code/WAIT1.o
 .debug_loc     0x00000100      0x27c ./Generated_Code/RxBuf.o
 .debug_loc     0x0000037c       0x9c ./Generated_Code/PE_LDD.o
 .debug_loc     0x00000418       0x90 ./Generated_Code/LEDR.o
 .debug_loc     0x000004a8       0x90 ./Generated_Code/LEDG.o
 .debug_loc     0x00000538       0x90 ./Generated_Code/LEDB.o
 .debug_loc     0x000005c8       0xe0 ./Generated_Code/I2C2.o
 .debug_loc     0x000006a8       0xb0 ./Generated_Code/Cpu.o
 .debug_loc     0x00000758      0x118 ./Generated_Code/BitIoLdd3.o
 .debug_loc     0x00000870      0x118 ./Generated_Code/BitIoLdd2.o
 .debug_loc     0x00000988      0x118 ./Generated_Code/BitIoLdd1.o
 .debug_loc     0x00000aa0      0x150 ./Generated_Code/AS1.o
 .debug_loc     0x00000bf0       0x2c ./Project_Settings/Startup_Code/__arm_start.o
 .debug_loc     0x00000c1c       0x38 ./Project_Settings/Startup_Code/__arm_end.o
 .debug_loc     0x00000c54       0x2c ./Sources/main.o
 .debug_loc     0x00000c80       0xa8 ./Sources/MMA8451.o
 .debug_loc     0x00000d28      0x10c ./Sources/Events.o
 .debug_loc     0x00000e34       0x3e D:/Freescale/CW MCU v10.7/MCU/ARM_GCC_Support/ewl/lib/armv6-m\libc.a(exit.o)
 .debug_loc     0x00000e72       0x6f D:/Freescale/CW MCU v10.7/MCU/ARM_GCC_Support/ewl/lib/armv6-m\libc.a(memset.o)
 .debug_loc     0x00000ee1      0x14a D:/Freescale/CW MCU v10.7/MCU/ARM_GCC_Support/ewl/lib/armv6-m\libc.a(__filll_mem.o)
 .debug_loc     0x0000102b     0x104b D:/Freescale/CW MCU v10.7/MCU/ARM_GCC_Support/ewl/lib/armv6-m\libc.a(printformat_.o)
 .debug_loc     0x00002076      0x9d8 D:/Freescale/CW MCU v10.7/MCU/ARM_GCC_Support/ewl/lib/armv6-m\libc.a(scanformat_.o)
 .debug_loc     0x00002a4e      0x30d D:/Freescale/CW MCU v10.7/MCU/ARM_GCC_Support/ewl/lib/armv6-m\libc.a(ctype_aeabi.o)
 .debug_loc     0x00002d5b      0x305 D:/Freescale/CW MCU v10.7/MCU/ARM_GCC_Support/ewl/lib/armv6-m\libc.a(__strtoul.o)
 .debug_loc     0x00003060       0xaf D:/Freescale/CW MCU v10.7/MCU/ARM_GCC_Support/ewl/lib/armv6-m\libc.a(strchr.o)
 .debug_loc     0x0000310f       0x59 D:/Freescale/CW MCU v10.7/MCU/ARM_GCC_Support/ewl/lib/armv6-m\libc.a(memcpy.o)
 .debug_loc     0x00003168       0x33 D:/Freescale/CW MCU v10.7/MCU/ARM_GCC_Support/ewl/lib/armv6-m\libc.a(strlen.o)
 .debug_loc     0x0000319b       0x77 D:/Freescale/CW MCU v10.7/MCU/ARM_GCC_Support/ewl/lib/armv6-m\libc.a(memchr.o)
 .debug_loc     0x00003212       0x9d D:/Freescale/CW MCU v10.7/MCU/ARM_GCC_Support/ewl/lib/armv6-m\librt.a(gcc_ctor_dtor.o)
 .debug_loc     0x000032af      0x197 D:/Freescale/CW MCU v10.7/MCU/ARM_GCC_Support/ewl/lib/armv6-m\librt.a(__arm_eabi_init.o)
 .debug_loc     0x00003446       0xd9 D:/Freescale/CW MCU v10.7/MCU/ARM_GCC_Support/ewl/lib/armv6-m\librt.a(ROMCopy.o)

.debug_aranges  0x00000000      0x678
 .debug_aranges
                0x00000000       0x50 ./Generated_Code/WAIT1.o
 .debug_aranges
                0x00000050       0x18 ./Generated_Code/Vectors.o
 .debug_aranges
                0x00000068       0x78 ./Generated_Code/RxBuf.o
 .debug_aranges
                0x000000e0       0x30 ./Generated_Code/PE_LDD.o
 .debug_aranges
                0x00000110       0x30 ./Generated_Code/LEDR.o
 .debug_aranges
                0x00000140       0x30 ./Generated_Code/LEDG.o
 .debug_aranges
                0x00000170       0x30 ./Generated_Code/LEDB.o
 .debug_aranges
                0x000001a0       0x38 ./Generated_Code/I2C2.o
 .debug_aranges
                0x000001d8       0x38 ./Generated_Code/Cpu.o
 .debug_aranges
                0x00000210       0x40 ./Generated_Code/BitIoLdd3.o
 .debug_aranges
                0x00000250       0x40 ./Generated_Code/BitIoLdd2.o
 .debug_aranges
                0x00000290       0x40 ./Generated_Code/BitIoLdd1.o
 .debug_aranges
                0x000002d0       0x48 ./Generated_Code/AS1.o
 .debug_aranges
                0x00000318       0x30 ./Project_Settings/Startup_Code/__arm_start.o
 .debug_aranges
                0x00000348       0x20 ./Project_Settings/Startup_Code/__arm_end.o
 .debug_aranges
                0x00000368       0x20 ./Sources/main.o
 .debug_aranges
                0x00000388       0x30 ./Sources/MMA8451.o
 .debug_aranges
                0x000003b8       0x40 ./Sources/Events.o
 .debug_aranges
                0x000003f8       0x20 D:/Freescale/CW MCU v10.7/MCU/ARM_GCC_Support/ewl/lib/armv6-m\libc.a(exit.o)
 .debug_aranges
                0x00000418       0x20 D:/Freescale/CW MCU v10.7/MCU/ARM_GCC_Support/ewl/lib/armv6-m\libc.a(memset.o)
 .debug_aranges
                0x00000438       0x20 D:/Freescale/CW MCU v10.7/MCU/ARM_GCC_Support/ewl/lib/armv6-m\libc.a(__filll_mem.o)
 .debug_aranges
                0x00000458       0x28 D:/Freescale/CW MCU v10.7/MCU/ARM_GCC_Support/ewl/lib/armv6-m\libc.a(printformat_.o)
 .debug_aranges
                0x00000480       0x20 D:/Freescale/CW MCU v10.7/MCU/ARM_GCC_Support/ewl/lib/armv6-m\libc.a(scanformat_.o)
 .debug_aranges
                0x000004a0       0x88 D:/Freescale/CW MCU v10.7/MCU/ARM_GCC_Support/ewl/lib/armv6-m\libc.a(ctype_aeabi.o)
 .debug_aranges
                0x00000528       0x20 D:/Freescale/CW MCU v10.7/MCU/ARM_GCC_Support/ewl/lib/armv6-m\libc.a(__strtoul.o)
 .debug_aranges
                0x00000548       0x20 D:/Freescale/CW MCU v10.7/MCU/ARM_GCC_Support/ewl/lib/armv6-m\libc.a(strchr.o)
 .debug_aranges
                0x00000568       0x20 D:/Freescale/CW MCU v10.7/MCU/ARM_GCC_Support/ewl/lib/armv6-m\libc.a(memcpy.o)
 .debug_aranges
                0x00000588       0x20 D:/Freescale/CW MCU v10.7/MCU/ARM_GCC_Support/ewl/lib/armv6-m\libc.a(strlen.o)
 .debug_aranges
                0x000005a8       0x20 D:/Freescale/CW MCU v10.7/MCU/ARM_GCC_Support/ewl/lib/armv6-m\libc.a(memchr.o)
 .debug_aranges
                0x000005c8       0x28 D:/Freescale/CW MCU v10.7/MCU/ARM_GCC_Support/ewl/lib/armv6-m\librt.a(gcc_ctor_dtor.o)
 .debug_aranges
                0x000005f0       0x58 D:/Freescale/CW MCU v10.7/MCU/ARM_GCC_Support/ewl/lib/armv6-m\librt.a(__arm_eabi_init.o)
 .debug_aranges
                0x00000648       0x30 D:/Freescale/CW MCU v10.7/MCU/ARM_GCC_Support/ewl/lib/armv6-m\librt.a(ROMCopy.o)

.debug_macinfo  0x00000000   0x311586
 .debug_macinfo
                0x00000000    0x2e543 ./Generated_Code/WAIT1.o
 .debug_macinfo
                0x0002e543    0x305e5 ./Generated_Code/Vectors.o
 .debug_macinfo
                0x0005eb28    0x2e4d9 ./Generated_Code/RxBuf.o
 .debug_macinfo
                0x0008d001    0x30599 ./Generated_Code/PE_LDD.o
 .debug_macinfo
                0x000bd59a    0x2f36a ./Generated_Code/LEDR.o
 .debug_macinfo
                0x000ec904    0x2f36a ./Generated_Code/LEDG.o
 .debug_macinfo
                0x0011bc6e    0x2f364 ./Generated_Code/LEDB.o
 .debug_macinfo
                0x0014afd2    0x36ecb ./Generated_Code/I2C2.o
 .debug_macinfo
                0x00181e9d    0x305e5 ./Generated_Code/Cpu.o
 .debug_macinfo
                0x001b2482    0x2ecb5 ./Generated_Code/BitIoLdd3.o
 .debug_macinfo
                0x001e1137    0x2ecbb ./Generated_Code/BitIoLdd2.o
 .debug_macinfo
                0x0020fdf2    0x2ecbb ./Generated_Code/BitIoLdd1.o
 .debug_macinfo
                0x0023eaad    0x3a50c ./Generated_Code/AS1.o
 .debug_macinfo
                0x00278fb9     0x3e6d ./Project_Settings/Startup_Code/__arm_start.o
 .debug_macinfo
                0x0027ce26     0x3456 ./Project_Settings/Startup_Code/__arm_end.o
 .debug_macinfo
                0x0028027c    0x30635 ./Sources/main.o
 .debug_macinfo
                0x002b08b1    0x306b2 ./Sources/MMA8451.o
 .debug_macinfo
                0x002e0f63    0x30623 ./Sources/Events.o

.debug_line     0x00000000     0x4fac
 .debug_line    0x00000000      0x2c8 ./Generated_Code/WAIT1.o
 .debug_line    0x000002c8      0x4e2 ./Generated_Code/Vectors.o
 .debug_line    0x000007aa      0x375 ./Generated_Code/RxBuf.o
 .debug_line    0x00000b1f      0x3c8 ./Generated_Code/PE_LDD.o
 .debug_line    0x00000ee7      0x2e1 ./Generated_Code/LEDR.o
 .debug_line    0x000011c8      0x2e1 ./Generated_Code/LEDG.o
 .debug_line    0x000014a9      0x2e1 ./Generated_Code/LEDB.o
 .debug_line    0x0000178a      0x4f1 ./Generated_Code/I2C2.o
 .debug_line    0x00001c7b      0x54d ./Generated_Code/Cpu.o
 .debug_line    0x000021c8      0x2cd ./Generated_Code/BitIoLdd3.o
 .debug_line    0x00002495      0x2cc ./Generated_Code/BitIoLdd2.o
 .debug_line    0x00002761      0x2cc ./Generated_Code/BitIoLdd1.o
 .debug_line    0x00002a2d      0x51f ./Generated_Code/AS1.o
 .debug_line    0x00002f4c      0x29f ./Project_Settings/Startup_Code/__arm_start.o
 .debug_line    0x000031eb      0x265 ./Project_Settings/Startup_Code/__arm_end.o
 .debug_line    0x00003450      0x407 ./Sources/main.o
 .debug_line    0x00003857      0x434 ./Sources/MMA8451.o
 .debug_line    0x00003c8b      0x445 ./Sources/Events.o
 .debug_line    0x000040d0       0x8d D:/Freescale/CW MCU v10.7/MCU/ARM_GCC_Support/ewl/lib/armv6-m\libc.a(exit.o)
 .debug_line    0x0000415d       0x90 D:/Freescale/CW MCU v10.7/MCU/ARM_GCC_Support/ewl/lib/armv6-m\libc.a(memset.o)
 .debug_line    0x000041ed       0xf6 D:/Freescale/CW MCU v10.7/MCU/ARM_GCC_Support/ewl/lib/armv6-m\libc.a(__filll_mem.o)
 .debug_line    0x000042e3      0x2c3 D:/Freescale/CW MCU v10.7/MCU/ARM_GCC_Support/ewl/lib/armv6-m\libc.a(printformat_.o)
 .debug_line    0x000045a6      0x2be D:/Freescale/CW MCU v10.7/MCU/ARM_GCC_Support/ewl/lib/armv6-m\libc.a(scanformat_.o)
 .debug_line    0x00004864      0x1be D:/Freescale/CW MCU v10.7/MCU/ARM_GCC_Support/ewl/lib/armv6-m\libc.a(ctype_aeabi.o)
 .debug_line    0x00004a22      0x11e D:/Freescale/CW MCU v10.7/MCU/ARM_GCC_Support/ewl/lib/armv6-m\libc.a(__strtoul.o)
 .debug_line    0x00004b40       0x7d D:/Freescale/CW MCU v10.7/MCU/ARM_GCC_Support/ewl/lib/armv6-m\libc.a(strchr.o)
 .debug_line    0x00004bbd       0x8b D:/Freescale/CW MCU v10.7/MCU/ARM_GCC_Support/ewl/lib/armv6-m\libc.a(memcpy.o)
 .debug_line    0x00004c48       0x85 D:/Freescale/CW MCU v10.7/MCU/ARM_GCC_Support/ewl/lib/armv6-m\libc.a(strlen.o)
 .debug_line    0x00004ccd       0x9f D:/Freescale/CW MCU v10.7/MCU/ARM_GCC_Support/ewl/lib/armv6-m\libc.a(memchr.o)
 .debug_line    0x00004d6c       0x6c D:/Freescale/CW MCU v10.7/MCU/ARM_GCC_Support/ewl/lib/armv6-m\librt.a(gcc_ctor_dtor.o)
 .debug_line    0x00004dd8      0x117 D:/Freescale/CW MCU v10.7/MCU/ARM_GCC_Support/ewl/lib/armv6-m\librt.a(__arm_eabi_init.o)
 .debug_line    0x00004eef       0xbd D:/Freescale/CW MCU v10.7/MCU/ARM_GCC_Support/ewl/lib/armv6-m\librt.a(ROMCopy.o)

.debug_str      0x00000000     0x17c3
 .debug_str     0x00000000      0x194 ./Generated_Code/WAIT1.o
                                0x1c0 (size before relaxing)
 .debug_str     0x00000194       0x55 ./Generated_Code/Vectors.o
                                0x170 (size before relaxing)
 .debug_str     0x000001e9      0x136 ./Generated_Code/RxBuf.o
                                0x248 (size before relaxing)
 .debug_str     0x0000031f      0x19d ./Generated_Code/PE_LDD.o
                                0x2d3 (size before relaxing)
 .debug_str     0x000004bc       0x45 ./Generated_Code/LEDR.o
                                0x186 (size before relaxing)
 .debug_str     0x00000501       0x3f ./Generated_Code/LEDG.o
                                0x186 (size before relaxing)
 .debug_str     0x00000540       0x3f ./Generated_Code/LEDB.o
                                0x186 (size before relaxing)
 .debug_str     0x0000057f      0x303 ./Generated_Code/I2C2.o
                                0x47a (size before relaxing)
 .debug_str     0x00000882      0x17d ./Generated_Code/Cpu.o
                                0x41f (size before relaxing)
 .debug_str     0x000009ff       0xe4 ./Generated_Code/BitIoLdd3.o
                                0x2dc (size before relaxing)
 .debug_str     0x00000ae3       0xa0 ./Generated_Code/BitIoLdd2.o
                                0x2dc (size before relaxing)
 .debug_str     0x00000b83       0xa0 ./Generated_Code/BitIoLdd1.o
                                0x2dc (size before relaxing)
 .debug_str     0x00000c23      0x11f ./Generated_Code/AS1.o
                                0x457 (size before relaxing)
 .debug_str     0x00000d42       0x85 ./Project_Settings/Startup_Code/__arm_start.o
                                0x19e (size before relaxing)
 .debug_str     0x00000dc7       0x41 ./Project_Settings/Startup_Code/__arm_end.o
                                 0xd5 (size before relaxing)
 .debug_str     0x00000e08       0x17 ./Sources/main.o
                                0x129 (size before relaxing)
 .debug_str     0x00000e1f       0x9e ./Sources/MMA8451.o
                                0x218 (size before relaxing)
 .debug_str     0x00000ebd       0x98 ./Sources/Events.o
                                0x228 (size before relaxing)
 .debug_str     0x00000f55       0x54 D:/Freescale/CW MCU v10.7/MCU/ARM_GCC_Support/ewl/lib/armv6-m\libc.a(exit.o)
                                0x157 (size before relaxing)
 .debug_str     0x00000fa9       0x23 D:/Freescale/CW MCU v10.7/MCU/ARM_GCC_Support/ewl/lib/armv6-m\libc.a(memset.o)
                                0x140 (size before relaxing)
 .debug_str     0x00000fcc       0x2d D:/Freescale/CW MCU v10.7/MCU/ARM_GCC_Support/ewl/lib/armv6-m\libc.a(__filll_mem.o)
                                0x152 (size before relaxing)
 .debug_str     0x00000ff9      0x233 D:/Freescale/CW MCU v10.7/MCU/ARM_GCC_Support/ewl/lib/armv6-m\libc.a(printformat_.o)
                                0x3b3 (size before relaxing)
 .debug_str     0x0000122c      0x184 D:/Freescale/CW MCU v10.7/MCU/ARM_GCC_Support/ewl/lib/armv6-m\libc.a(scanformat_.o)
                                0x3f9 (size before relaxing)
 .debug_str     0x000013b0       0x9d D:/Freescale/CW MCU v10.7/MCU/ARM_GCC_Support/ewl/lib/armv6-m\libc.a(ctype_aeabi.o)
                                0x1bc (size before relaxing)
 .debug_str     0x0000144d       0x61 D:/Freescale/CW MCU v10.7/MCU/ARM_GCC_Support/ewl/lib/armv6-m\libc.a(__strtoul.o)
                                0x1fb (size before relaxing)
 .debug_str     0x000014ae       0x1c D:/Freescale/CW MCU v10.7/MCU/ARM_GCC_Support/ewl/lib/armv6-m\libc.a(strchr.o)
                                0x137 (size before relaxing)
 .debug_str     0x000014ca       0x1c D:/Freescale/CW MCU v10.7/MCU/ARM_GCC_Support/ewl/lib/armv6-m\libc.a(memcpy.o)
                                0x138 (size before relaxing)
 .debug_str     0x000014e6       0x1c D:/Freescale/CW MCU v10.7/MCU/ARM_GCC_Support/ewl/lib/armv6-m\libc.a(strlen.o)
                                0x140 (size before relaxing)
 .debug_str     0x00001502       0x1c D:/Freescale/CW MCU v10.7/MCU/ARM_GCC_Support/ewl/lib/armv6-m\libc.a(memchr.o)
                                0x148 (size before relaxing)
 .debug_str     0x0000151e      0x126 D:/Freescale/CW MCU v10.7/MCU/ARM_GCC_Support/ewl/lib/armv6-m\librt.a(gcc_ctor_dtor.o)
                                0x181 (size before relaxing)
 .debug_str     0x00001644       0xe9 D:/Freescale/CW MCU v10.7/MCU/ARM_GCC_Support/ewl/lib/armv6-m\librt.a(__arm_eabi_init.o)
                                0x1b5 (size before relaxing)
 .debug_str     0x0000172d       0x96 D:/Freescale/CW MCU v10.7/MCU/ARM_GCC_Support/ewl/lib/armv6-m\librt.a(ROMCopy.o)
                                0x13c (size before relaxing)

.comment        0x00000000       0x79
 .comment       0x00000000       0x79 ./Generated_Code/WAIT1.o
                                 0x7a (size before relaxing)
 .comment       0x00000000       0x7a ./Generated_Code/Vectors.o
 .comment       0x00000000       0x7a ./Generated_Code/RxBuf.o
 .comment       0x00000000       0x7a ./Generated_Code/PE_LDD.o
 .comment       0x00000000       0x7a ./Generated_Code/LEDR.o
 .comment       0x00000000       0x7a ./Generated_Code/LEDG.o
 .comment       0x00000000       0x7a ./Generated_Code/LEDB.o
 .comment       0x00000000       0x7a ./Generated_Code/I2C2.o
 .comment       0x00000000       0x7a ./Generated_Code/Cpu.o
 .comment       0x00000000       0x7a ./Generated_Code/BitIoLdd3.o
 .comment       0x00000000       0x7a ./Generated_Code/BitIoLdd2.o
 .comment       0x00000000       0x7a ./Generated_Code/BitIoLdd1.o
 .comment       0x00000000       0x7a ./Generated_Code/AS1.o
 .comment       0x00000000       0x7a ./Project_Settings/Startup_Code/__arm_start.o
 .comment       0x00000000       0x7a ./Project_Settings/Startup_Code/__arm_end.o
 .comment       0x00000000       0x7a ./Sources/main.o
 .comment       0x00000000       0x7a ./Sources/MMA8451.o
 .comment       0x00000000       0x7a ./Sources/Events.o
 .comment       0x00000000       0x7a D:/Freescale/CW MCU v10.7/MCU/ARM_GCC_Support/ewl/lib/armv6-m\libc.a(exit.o)
 .comment       0x00000000       0x7a D:/Freescale/CW MCU v10.7/MCU/ARM_GCC_Support/ewl/lib/armv6-m\libc.a(memset.o)
 .comment       0x00000000       0x7a D:/Freescale/CW MCU v10.7/MCU/ARM_GCC_Support/ewl/lib/armv6-m\libc.a(__filll_mem.o)
 .comment       0x00000000       0x7a D:/Freescale/CW MCU v10.7/MCU/ARM_GCC_Support/ewl/lib/armv6-m\libc.a(printformat_.o)
 .comment       0x00000000       0x7a D:/Freescale/CW MCU v10.7/MCU/ARM_GCC_Support/ewl/lib/armv6-m\libc.a(scanformat_.o)
 .comment       0x00000000       0x7a D:/Freescale/CW MCU v10.7/MCU/ARM_GCC_Support/ewl/lib/armv6-m\libc.a(ctype_aeabi.o)
 .comment       0x00000000       0x7a D:/Freescale/CW MCU v10.7/MCU/ARM_GCC_Support/ewl/lib/armv6-m\libc.a(__strtoul.o)
 .comment       0x00000000       0x7a D:/Freescale/CW MCU v10.7/MCU/ARM_GCC_Support/ewl/lib/armv6-m\libc.a(strchr.o)
 .comment       0x00000000       0x7a D:/Freescale/CW MCU v10.7/MCU/ARM_GCC_Support/ewl/lib/armv6-m\libc.a(memcpy.o)
 .comment       0x00000000       0x7a D:/Freescale/CW MCU v10.7/MCU/ARM_GCC_Support/ewl/lib/armv6-m\libc.a(strlen.o)
 .comment       0x00000000       0x7a D:/Freescale/CW MCU v10.7/MCU/ARM_GCC_Support/ewl/lib/armv6-m\libc.a(memchr.o)
 .comment       0x00000000       0x7a D:/Freescale/CW MCU v10.7/MCU/ARM_GCC_Support/ewl/lib/armv6-m\librt.a(gcc_ctor_dtor.o)
 .comment       0x00000000       0x7a D:/Freescale/CW MCU v10.7/MCU/ARM_GCC_Support/ewl/lib/armv6-m\librt.a(__arm_eabi_init.o)
 .comment       0x00000000       0x7a D:/Freescale/CW MCU v10.7/MCU/ARM_GCC_Support/ewl/lib/armv6-m\librt.a(ROMCopy.o)

.debug_frame    0x00000000      0xe44
 .debug_frame   0x00000000       0xc8 ./Generated_Code/WAIT1.o
 .debug_frame   0x000000c8      0x184 ./Generated_Code/RxBuf.o
 .debug_frame   0x0000024c       0x6c ./Generated_Code/PE_LDD.o
 .debug_frame   0x000002b8       0x68 ./Generated_Code/LEDR.o
 .debug_frame   0x00000320       0x68 ./Generated_Code/LEDG.o
 .debug_frame   0x00000388       0x68 ./Generated_Code/LEDB.o
 .debug_frame   0x000003f0       0x90 ./Generated_Code/I2C2.o
 .debug_frame   0x00000480       0x80 ./Generated_Code/Cpu.o
 .debug_frame   0x00000500       0xb0 ./Generated_Code/BitIoLdd3.o
 .debug_frame   0x000005b0       0xb0 ./Generated_Code/BitIoLdd2.o
 .debug_frame   0x00000660       0xb0 ./Generated_Code/BitIoLdd1.o
 .debug_frame   0x00000710       0xd0 ./Generated_Code/AS1.o
 .debug_frame   0x000007e0       0x4c ./Project_Settings/Startup_Code/__arm_start.o
 .debug_frame   0x0000082c       0x30 ./Project_Settings/Startup_Code/__arm_end.o
 .debug_frame   0x0000085c       0x2c ./Sources/main.o
 .debug_frame   0x00000888       0x70 ./Sources/MMA8451.o
 .debug_frame   0x000008f8       0xac ./Sources/Events.o
 .debug_frame   0x000009a4       0x2c D:/Freescale/CW MCU v10.7/MCU/ARM_GCC_Support/ewl/lib/armv6-m\libc.a(exit.o)
 .debug_frame   0x000009d0       0x28 D:/Freescale/CW MCU v10.7/MCU/ARM_GCC_Support/ewl/lib/armv6-m\libc.a(memset.o)
 .debug_frame   0x000009f8       0x2c D:/Freescale/CW MCU v10.7/MCU/ARM_GCC_Support/ewl/lib/armv6-m\libc.a(__filll_mem.o)
 .debug_frame   0x00000a24       0x54 D:/Freescale/CW MCU v10.7/MCU/ARM_GCC_Support/ewl/lib/armv6-m\libc.a(printformat_.o)
 .debug_frame   0x00000a78       0x34 D:/Freescale/CW MCU v10.7/MCU/ARM_GCC_Support/ewl/lib/armv6-m\libc.a(scanformat_.o)
 .debug_frame   0x00000aac      0x158 D:/Freescale/CW MCU v10.7/MCU/ARM_GCC_Support/ewl/lib/armv6-m\libc.a(ctype_aeabi.o)
 .debug_frame   0x00000c04       0x30 D:/Freescale/CW MCU v10.7/MCU/ARM_GCC_Support/ewl/lib/armv6-m\libc.a(__strtoul.o)
 .debug_frame   0x00000c34       0x28 D:/Freescale/CW MCU v10.7/MCU/ARM_GCC_Support/ewl/lib/armv6-m\libc.a(strchr.o)
 .debug_frame   0x00000c5c       0x28 D:/Freescale/CW MCU v10.7/MCU/ARM_GCC_Support/ewl/lib/armv6-m\libc.a(memcpy.o)
 .debug_frame   0x00000c84       0x28 D:/Freescale/CW MCU v10.7/MCU/ARM_GCC_Support/ewl/lib/armv6-m\libc.a(strlen.o)
 .debug_frame   0x00000cac       0x28 D:/Freescale/CW MCU v10.7/MCU/ARM_GCC_Support/ewl/lib/armv6-m\libc.a(memchr.o)
 .debug_frame   0x00000cd4       0x20 d:/freescale/cw mcu v10.7/cross_tools/arm-none-eabi-gcc-4_7_3/bin/../lib/gcc/arm-none-eabi/4.7.3/armv6-m\libgcc.a(_udivsi3.o)
 .debug_frame   0x00000cf4       0x40 D:/Freescale/CW MCU v10.7/MCU/ARM_GCC_Support/ewl/lib/armv6-m\librt.a(gcc_ctor_dtor.o)
 .debug_frame   0x00000d34       0xbc D:/Freescale/CW MCU v10.7/MCU/ARM_GCC_Support/ewl/lib/armv6-m\librt.a(__arm_eabi_init.o)
 .debug_frame   0x00000df0       0x54 D:/Freescale/CW MCU v10.7/MCU/ARM_GCC_Support/ewl/lib/armv6-m\librt.a(ROMCopy.o)
